../Driverss/Src/stm32f4_discovery_audio.c:199:6:AUDIO_IO_Init	8	static
../Driverss/Src/stm32f4_discovery_audio.c:203:6:AUDIO_IO_DeInit	4	static
../Driverss/Src/stm32f4_discovery_audio.c:206:6:AUDIO_IO_Write	40	static
../Driverss/Src/stm32f4_discovery_audio.c:219:9:AUDIO_IO_Read	40	static
../Driverss/Src/stm32f4_discovery_audio.c:236:9:BSP_AUDIO_OUT_Init	32	static
../Driverss/Src/stm32f4_discovery_audio.c:288:9:BSP_AUDIO_OUT_Play	16	static
../Driverss/Src/stm32f4_discovery_audio.c:310:6:BSP_AUDIO_OUT_ChangeBuffer	16	static
../Driverss/Src/stm32f4_discovery_audio.c:323:9:BSP_AUDIO_OUT_Pause	8	static
../Driverss/Src/stm32f4_discovery_audio.c:347:9:BSP_AUDIO_OUT_Resume	8	static
../Driverss/Src/stm32f4_discovery_audio.c:371:9:BSP_AUDIO_OUT_Stop	16	static
../Driverss/Src/stm32f4_discovery_audio.c:403:9:BSP_AUDIO_OUT_SetVolume	16	static
../Driverss/Src/stm32f4_discovery_audio.c:423:9:BSP_AUDIO_OUT_SetMute	16	static
../Driverss/Src/stm32f4_discovery_audio.c:445:9:BSP_AUDIO_OUT_SetOutputMode	16	static
../Driverss/Src/stm32f4_discovery_audio.c:465:6:BSP_AUDIO_OUT_SetFrequency	16	static
../Driverss/Src/stm32f4_discovery_audio.c:478:6:HAL_I2S_TxCpltCallback	16	static
../Driverss/Src/stm32f4_discovery_audio.c:491:6:HAL_I2S_TxHalfCpltCallback	16	static
../Driverss/Src/stm32f4_discovery_audio.c:509:13:BSP_AUDIO_OUT_ClockConfig	48	static
../Driverss/Src/stm32f4_discovery_audio.c:551:13:BSP_AUDIO_OUT_MspInit	56	static
../Driverss/Src/stm32f4_discovery_audio.c:621:13:BSP_AUDIO_OUT_MspDeInit	40	static
../Driverss/Src/stm32f4_discovery_audio.c:659:13:BSP_AUDIO_OUT_TransferComplete_CallBack	4	static
../Driverss/Src/stm32f4_discovery_audio.c:666:13:BSP_AUDIO_OUT_HalfTransfer_CallBack	4	static
../Driverss/Src/stm32f4_discovery_audio.c:673:13:BSP_AUDIO_OUT_Error_CallBack	4	static
../Driverss/Src/stm32f4_discovery_audio.c:685:16:I2S3_Init	16	static
../Driverss/Src/stm32f4_discovery_audio.c:727:9:BSP_AUDIO_IN_Init	24	static
../Driverss/Src/stm32f4_discovery_audio.c:759:9:BSP_AUDIO_IN_Record	24	static
../Driverss/Src/stm32f4_discovery_audio.c:776:9:BSP_AUDIO_IN_Stop	16	static
../Driverss/Src/stm32f4_discovery_audio.c:793:9:BSP_AUDIO_IN_Pause	8	static
../Driverss/Src/stm32f4_discovery_audio.c:806:9:BSP_AUDIO_IN_Resume	8	static
../Driverss/Src/stm32f4_discovery_audio.c:821:9:BSP_AUDIO_IN_SetVolume	16	static
../Driverss/Src/stm32f4_discovery_audio.c:836:9:BSP_AUDIO_IN_PDMToPCM	152	static
../Driverss/Src/stm32f4_discovery_audio.c:882:13:BSP_AUDIO_IN_ClockConfig	40	static
../Driverss/Src/stm32f4_discovery_audio.c:916:13:BSP_AUDIO_IN_MspInit	56	static
../Driverss/Src/stm32f4_discovery_audio.c:982:13:BSP_AUDIO_IN_MspDeInit	40	static
../Driverss/Src/stm32f4_discovery_audio.c:1014:13:BSP_AUDIO_IN_TransferComplete_CallBack	4	static
../Driverss/Src/stm32f4_discovery_audio.c:1024:13:BSP_AUDIO_IN_HalfTransfer_CallBack	4	static
../Driverss/Src/stm32f4_discovery_audio.c:1034:13:BSP_AUDIO_IN_Error_Callback	4	static
../Driverss/Src/stm32f4_discovery_audio.c:1051:13:PDMDecoder_Init	32	static
../Driverss/Src/stm32f4_discovery_audio.c:1083:16:I2S2_Init	16	static
