Archive member included to satisfy reference by file (symbol)

C:\Users\Kit-covid-0739\STM32Cube\Repository\STM32Cube_FW_F4_V1.28.2\Middlewares\ST\STM32_Audio\Addons\PDM\Lib\libPDMFilter_CM4_IAR_wc32.a(pdm_filter.o)
                              ./Core/Src/main.o (PDM_Filter)
C:/ST/STM32CubeIDE_1.17.0/STM32CubeIDE/plugins/com.st.stm32cube.ide.mcu.externaltools.gnu-tools-for-stm32.13.3.rel1.win32_1.0.0.202411081344/tools/bin/../lib/gcc/arm-none-eabi/13.3.1/../../../../arm-none-eabi/lib/thumb/v7e-m+fp/hard\libc_nano.a(libc_a-exit.o)
                              C:/ST/STM32CubeIDE_1.17.0/STM32CubeIDE/plugins/com.st.stm32cube.ide.mcu.externaltools.gnu-tools-for-stm32.13.3.rel1.win32_1.0.0.202411081344/tools/bin/../lib/gcc/arm-none-eabi/13.3.1/../../../../arm-none-eabi/lib/thumb/v7e-m+fp/hard/crt0.o (exit)
C:/ST/STM32CubeIDE_1.17.0/STM32CubeIDE/plugins/com.st.stm32cube.ide.mcu.externaltools.gnu-tools-for-stm32.13.3.rel1.win32_1.0.0.202411081344/tools/bin/../lib/gcc/arm-none-eabi/13.3.1/../../../../arm-none-eabi/lib/thumb/v7e-m+fp/hard\libc_nano.a(libc_a-findfp.o)
                              C:/ST/STM32CubeIDE_1.17.0/STM32CubeIDE/plugins/com.st.stm32cube.ide.mcu.externaltools.gnu-tools-for-stm32.13.3.rel1.win32_1.0.0.202411081344/tools/bin/../lib/gcc/arm-none-eabi/13.3.1/../../../../arm-none-eabi/lib/thumb/v7e-m+fp/hard\libc_nano.a(libc_a-exit.o) (__stdio_exit_handler)
C:/ST/STM32CubeIDE_1.17.0/STM32CubeIDE/plugins/com.st.stm32cube.ide.mcu.externaltools.gnu-tools-for-stm32.13.3.rel1.win32_1.0.0.202411081344/tools/bin/../lib/gcc/arm-none-eabi/13.3.1/../../../../arm-none-eabi/lib/thumb/v7e-m+fp/hard\libc_nano.a(libc_a-fwalk.o)
                              C:/ST/STM32CubeIDE_1.17.0/STM32CubeIDE/plugins/com.st.stm32cube.ide.mcu.externaltools.gnu-tools-for-stm32.13.3.rel1.win32_1.0.0.202411081344/tools/bin/../lib/gcc/arm-none-eabi/13.3.1/../../../../arm-none-eabi/lib/thumb/v7e-m+fp/hard\libc_nano.a(libc_a-findfp.o) (_fwalk_sglue)
C:/ST/STM32CubeIDE_1.17.0/STM32CubeIDE/plugins/com.st.stm32cube.ide.mcu.externaltools.gnu-tools-for-stm32.13.3.rel1.win32_1.0.0.202411081344/tools/bin/../lib/gcc/arm-none-eabi/13.3.1/../../../../arm-none-eabi/lib/thumb/v7e-m+fp/hard\libc_nano.a(libc_a-snprintf.o)
                              ./Core/Src/main.o (snprintf)
C:/ST/STM32CubeIDE_1.17.0/STM32CubeIDE/plugins/com.st.stm32cube.ide.mcu.externaltools.gnu-tools-for-stm32.13.3.rel1.win32_1.0.0.202411081344/tools/bin/../lib/gcc/arm-none-eabi/13.3.1/../../../../arm-none-eabi/lib/thumb/v7e-m+fp/hard\libc_nano.a(libc_a-stdio.o)
                              C:/ST/STM32CubeIDE_1.17.0/STM32CubeIDE/plugins/com.st.stm32cube.ide.mcu.externaltools.gnu-tools-for-stm32.13.3.rel1.win32_1.0.0.202411081344/tools/bin/../lib/gcc/arm-none-eabi/13.3.1/../../../../arm-none-eabi/lib/thumb/v7e-m+fp/hard\libc_nano.a(libc_a-findfp.o) (__sread)
C:/ST/STM32CubeIDE_1.17.0/STM32CubeIDE/plugins/com.st.stm32cube.ide.mcu.externaltools.gnu-tools-for-stm32.13.3.rel1.win32_1.0.0.202411081344/tools/bin/../lib/gcc/arm-none-eabi/13.3.1/../../../../arm-none-eabi/lib/thumb/v7e-m+fp/hard\libc_nano.a(libc_a-memset.o)
                              C:/ST/STM32CubeIDE_1.17.0/STM32CubeIDE/plugins/com.st.stm32cube.ide.mcu.externaltools.gnu-tools-for-stm32.13.3.rel1.win32_1.0.0.202411081344/tools/bin/../lib/gcc/arm-none-eabi/13.3.1/../../../../arm-none-eabi/lib/thumb/v7e-m+fp/hard/crt0.o (memset)
C:/ST/STM32CubeIDE_1.17.0/STM32CubeIDE/plugins/com.st.stm32cube.ide.mcu.externaltools.gnu-tools-for-stm32.13.3.rel1.win32_1.0.0.202411081344/tools/bin/../lib/gcc/arm-none-eabi/13.3.1/../../../../arm-none-eabi/lib/thumb/v7e-m+fp/hard\libc_nano.a(libc_a-closer.o)
                              C:/ST/STM32CubeIDE_1.17.0/STM32CubeIDE/plugins/com.st.stm32cube.ide.mcu.externaltools.gnu-tools-for-stm32.13.3.rel1.win32_1.0.0.202411081344/tools/bin/../lib/gcc/arm-none-eabi/13.3.1/../../../../arm-none-eabi/lib/thumb/v7e-m+fp/hard\libc_nano.a(libc_a-stdio.o) (_close_r)
C:/ST/STM32CubeIDE_1.17.0/STM32CubeIDE/plugins/com.st.stm32cube.ide.mcu.externaltools.gnu-tools-for-stm32.13.3.rel1.win32_1.0.0.202411081344/tools/bin/../lib/gcc/arm-none-eabi/13.3.1/../../../../arm-none-eabi/lib/thumb/v7e-m+fp/hard\libc_nano.a(libc_a-reent.o)
                              C:/ST/STM32CubeIDE_1.17.0/STM32CubeIDE/plugins/com.st.stm32cube.ide.mcu.externaltools.gnu-tools-for-stm32.13.3.rel1.win32_1.0.0.202411081344/tools/bin/../lib/gcc/arm-none-eabi/13.3.1/../../../../arm-none-eabi/lib/thumb/v7e-m+fp/hard\libc_nano.a(libc_a-closer.o) (errno)
C:/ST/STM32CubeIDE_1.17.0/STM32CubeIDE/plugins/com.st.stm32cube.ide.mcu.externaltools.gnu-tools-for-stm32.13.3.rel1.win32_1.0.0.202411081344/tools/bin/../lib/gcc/arm-none-eabi/13.3.1/../../../../arm-none-eabi/lib/thumb/v7e-m+fp/hard\libc_nano.a(libc_a-impure.o)
[...]
Memory Configuration

Name             Origin             Length             Attributes
CCMRAM           0x10000000         0x00010000         xrw
RAM              0x20000000         0x00020000         xrw
FLASH            0x08000000         0x00100000         xr
*default*        0x00000000         0xffffffff

Linker script and memory map

LOAD C:/ST/STM32CubeIDE_1.17.0/STM32CubeIDE/plugins/com.st.stm32cube.ide.mcu.externaltools.gnu-tools-for-stm32.13.3.rel1.win32_1.0.0.202411081344/tools/bin/../lib/gcc/arm-none-eabi/13.3.1/thumb/v7e-m+fp/hard/crti.o
LOAD C:/ST/STM32CubeIDE_1.17.0/STM32CubeIDE/plugins/com.st.stm32cube.ide.mcu.externaltools.gnu-tools-for-stm32.13.3.rel1.win32_1.0.0.202411081344/tools/bin/../lib/gcc/arm-none-eabi/13.3.1/thumb/v7e-m+fp/hard/crtbegin.o
LOAD C:/ST/STM32CubeIDE_1.17.0/STM32CubeIDE/plugins/com.st.stm32cube.ide.mcu.externaltools.gnu-tools-for-stm32.13.3.rel1.win32_1.0.0.202411081344/tools/bin/../lib/gcc/arm-none-eabi/13.3.1/../../../../arm-none-eabi/lib/thumb/v7e-m+fp/hard/crt0.o
LOAD ./Core/Src/cs43l22.o
LOAD ./Core/Src/main.o
LOAD ./Core/Src/stm32f4xx_hal_msp.o
LOAD ./Core/Src/stm32f4xx_it.o
LOAD ./Core/Src/syscalls.o
LOAD ./Core/Src/sysmem.o
LOAD ./Core/Src/system_stm32f4xx.o
LOAD ./Core/Startup/startup_stm32f407vgtx.o
LOAD ./Drivers/STM32F4xx_HAL_Driver/Src/stm32f4xx_hal.o
LOAD ./Drivers/STM32F4xx_HAL_Driver/Src/stm32f4xx_hal_cortex.o
LOAD ./Drivers/STM32F4xx_HAL_Driver/Src/stm32f4xx_hal_crc.o
LOAD ./Drivers/STM32F4xx_HAL_Driver/Src/stm32f4xx_hal_dma.o
LOAD ./Drivers/STM32F4xx_HAL_Driver/Src/stm32f4xx_hal_dma_ex.o
LOAD ./Drivers/STM32F4xx_HAL_Driver/Src/stm32f4xx_hal_exti.o
LOAD ./Drivers/STM32F4xx_HAL_Driver/Src/stm32f4xx_hal_flash.o
LOAD ./Drivers/STM32F4xx_HAL_Driver/Src/stm32f4xx_hal_flash_ex.o
LOAD ./Drivers/STM32F4xx_HAL_Driver/Src/stm32f4xx_hal_flash_ramfunc.o
LOAD ./Drivers/STM32F4xx_HAL_Driver/Src/stm32f4xx_hal_gpio.o
LOAD ./Drivers/STM32F4xx_HAL_Driver/Src/stm32f4xx_hal_i2c.o
LOAD ./Drivers/STM32F4xx_HAL_Driver/Src/stm32f4xx_hal_i2c_ex.o
LOAD ./Drivers/STM32F4xx_HAL_Driver/Src/stm32f4xx_hal_i2s.o
LOAD ./Drivers/STM32F4xx_HAL_Driver/Src/stm32f4xx_hal_i2s_ex.o
LOAD ./Drivers/STM32F4xx_HAL_Driver/Src/stm32f4xx_hal_pwr.o
LOAD ./Drivers/STM32F4xx_HAL_Driver/Src/stm32f4xx_hal_pwr_ex.o
LOAD ./Drivers/STM32F4xx_HAL_Driver/Src/stm32f4xx_hal_rcc.o
LOAD ./Drivers/STM32F4xx_HAL_Driver/Src/stm32f4xx_hal_rcc_ex.o
LOAD ./Drivers/STM32F4xx_HAL_Driver/Src/stm32f4xx_hal_uart.o
LOAD ./Driverss/Src/stm32f4_discovery_audio.o
LOAD ./PDM2PCM/App/pdm2pcm.o
START GROUP
LOAD C:\Users\Kit-covid-0739\STM32Cube\Repository\STM32Cube_FW_F4_V1.28.2\Middlewares\ST\STM32_Audio\Addons\PDM\Lib\libPDMFilter_CM4_IAR_wc32.a
LOAD C:\Users\Kit-covid-0739\STM32Cube\Repository\STM32Cube_FW_F4_V1.28.2\Middlewares\ST\STM32_Audio\Addons\PDM\Lib\libPDMFilter_CM4_GCC_wc16.a
LOAD C:\Users\Kit-covid-0739\STM32Cube\Repository\STM32Cube_FW_F4_V1.28.2\Middlewares\ST\STM32_Audio\Addons\PDM\Lib\libPDMFilter_CM4_GCC_wc32.a
END GROUP
START GROUP
LOAD C:/ST/STM32CubeIDE_1.17.0/STM32CubeIDE/plugins/com.st.stm32cube.ide.mcu.externaltools.gnu-tools-for-stm32.13.3.rel1.win32_1.0.0.202411081344/tools/bin/../lib/gcc/arm-none-eabi/13.3.1/../../../../arm-none-eabi/lib/thumb/v7e-m+fp/hard\libc_nano.a
LOAD C:/ST/STM32CubeIDE_1.17.0/STM32CubeIDE/plugins/com.st.stm32cube.ide.mcu.externaltools.gnu-tools-for-stm32.13.3.rel1.win32_1.0.0.202411081344/tools/bin/../lib/gcc/arm-none-eabi/13.3.1/../../../../arm-none-eabi/lib/thumb/v7e-m+fp/hard\libm.a
END GROUP
START GROUP
LOAD C:/ST/STM32CubeIDE_1.17.0/STM32CubeIDE/plugins/com.st.stm32cube.ide.mcu.externaltools.gnu-tools-for-stm32.13.3.rel1.win32_1.0.0.202411081344/tools/bin/../lib/gcc/arm-none-eabi/13.3.1/thumb/v7e-m+fp/hard\libgcc.a
LOAD C:/ST/STM32CubeIDE_1.17.0/STM32CubeIDE/plugins/com.st.stm32cube.ide.mcu.externaltools.gnu-tools-for-stm32.13.3.rel1.win32_1.0.0.202411081344/tools/bin/../lib/gcc/arm-none-eabi/13.3.1/../../../../arm-none-eabi/lib/thumb/v7e-m+fp/hard\libc_nano.a
END GROUP
START GROUP
LOAD C:/ST/STM32CubeIDE_1.17.0/STM32CubeIDE/plugins/com.st.stm32cube.ide.mcu.externaltools.gnu-tools-for-stm32.13.3.rel1.win32_1.0.0.202411081344/tools/bin/../lib/gcc/arm-none-eabi/13.3.1/thumb/v7e-m+fp/hard\libgcc.a
LOAD C:/ST/STM32CubeIDE_1.17.0/STM32CubeIDE/plugins/com.st.stm32cube.ide.mcu.externaltools.gnu-tools-for-stm32.13.3.rel1.win32_1.0.0.202411081344/tools/bin/../lib/gcc/arm-none-eabi/13.3.1/../../../../arm-none-eabi/lib/thumb/v7e-m+fp/hard\libc_nano.a
LOAD C:/ST/STM32CubeIDE_1.17.0/STM32CubeIDE/plugins/com.st.stm32cube.ide.mcu.externaltools.gnu-tools-for-stm32.13.3.rel1.win32_1.0.0.202411081344/tools/bin/../lib/gcc/arm-none-eabi/13.3.1/../../../../arm-none-eabi/lib/thumb/v7e-m+fp/hard\libnosys.a
END GROUP
START GROUP
LOAD C:/ST/STM32CubeIDE_1.17.0/STM32CubeIDE/plugins/com.st.stm32cube.ide.mcu.externaltools.gnu-tools-for-stm32.13.3.rel1.win32_1.0.0.202411081344/tools/bin/../lib/gcc/arm-none-eabi/13.3.1/thumb/v7e-m+fp/hard\libgcc.a
LOAD C:/ST/STM32CubeIDE_1.17.0/STM32CubeIDE/plugins/com.st.stm32cube.ide.mcu.externaltools.gnu-tools-for-stm32.13.3.rel1.win32_1.0.0.202411081344/tools/bin/../lib/gcc/arm-none-eabi/13.3.1/../../../../arm-none-eabi/lib/thumb/v7e-m+fp/hard\libc_nano.a
LOAD C:/ST/STM32CubeIDE_1.17.0/STM32CubeIDE/plugins/com.st.stm32cube.ide.mcu.externaltools.gnu-tools-for-stm32.13.3.rel1.win32_1.0.0.202411081344/tools/bin/../lib/gcc/arm-none-eabi/13.3.1/../../../../arm-none-eabi/lib/thumb/v7e-m+fp/hard\libnosys.a
END GROUP
LOAD C:/ST/STM32CubeIDE_1.17.0/STM32CubeIDE/plugins/com.st.stm32cube.ide.mcu.externaltools.gnu-tools-for-stm32.13.3.rel1.win32_1.0.0.202411081344/tools/bin/../lib/gcc/arm-none-eabi/13.3.1/thumb/v7e-m+fp/hard/crtend.o
LOAD C:/ST/STM32CubeIDE_1.17.0/STM32CubeIDE/plugins/com.st.stm32cube.ide.mcu.externaltools.gnu-tools-for-stm32.13.3.rel1.win32_1.0.0.202411081344/tools/bin/../lib/gcc/arm-none-eabi/13.3.1/thumb/v7e-m+fp/hard/crtn.o
                0x20020000                        _estack = (ORIGIN (RAM) + LENGTH (RAM))
                0x00000200                        _Min_Heap_Size = 0x200
                0x00000400                        _Min_Stack_Size = 0x400

.isr_vector     0x08000000      0x188
                0x08000000                        . = ALIGN (0x4)
 *(.isr_vector)
 .isr_vector    0x08000000      0x188 ./Core/Startup/startup_stm32f407vgtx.o
                0x08000000                g_pfnVectors
                0x08000188                        . = ALIGN (0x4)

.text           0x08000190     0x8d88
                0x08000190                        . = ALIGN (0x4)
 *(.text)
 .text          0x08000190       0x40 C:/ST/STM32CubeIDE_1.17.0/STM32CubeIDE/plugins/com.st.stm32cube.ide.mcu.externaltools.gnu-tools-for-stm32.13.3.rel1.win32_1.0.0.202411081344/tools/bin/../lib/gcc/arm-none-eabi/13.3.1/thumb/v7e-m+fp/hard/crtbegin.o
 .text          0x080001d0     0x1dc0 C:\Users\Kit-covid-0739\STM32Cube\Repository\STM32Cube_FW_F4_V1.28.2\Middlewares\ST\STM32_Audio\Addons\PDM\Lib\libPDMFilter_CM4_IAR_wc32.a(pdm_filter.o)
                0x080001d0                PDM_Filter_Init
                0x080003b8                PDM_Filter_setConfig
                0x080005a4                PDM_Filter_getConfig
                0x080005c2                PDM_Filter
 .text          0x08001f90       0x10 C:/ST/STM32CubeIDE_1.17.0/STM32CubeIDE/plugins/com.st.stm32cube.ide.mcu.externaltools.gnu-tools-for-stm32.13.3.rel1.win32_1.0.0.202411081344/tools/bin/../lib/gcc/arm-none-eabi/13.3.1/../../../../arm-none-eabi/lib/thumb/v7e-m+fp/hard\libc_nano.a(libc_a-strlen.o)
                0x08001f90                strlen
 .text          0x08001fa0       0x9a C:/ST/STM32CubeIDE_1.17.0/STM32CubeIDE/plugins/com.st.stm32cube.ide.mcu.externaltools.gnu-tools-for-stm32.13.3.rel1.win32_1.0.0.202411081344/tools/bin/../lib/gcc/arm-none-eabi/13.3.1/../../../../arm-none-eabi/lib/thumb/v7e-m+fp/hard\libc_nano.a(libc_a-aeabi_memset-soft.o)
                0x08001fa0                __aeabi_memset8
                0x08001fa0                __aeabi_memset4
                0x08001fa0                __aeabi_memset
 *fill*         0x0800203a        0x6 
 .text          0x08002040       0xa0 C:/ST/STM32CubeIDE_1.17.0/STM32CubeIDE/plugins/com.st.stm32cube.ide.mcu.externaltools.gnu-tools-for-stm32.13.3.rel1.win32_1.0.0.202411081344/tools/bin/../lib/gcc/arm-none-eabi/13.3.1/../../../../arm-none-eabi/lib/thumb/v7e-m+fp/hard\libc_nano.a(libc_a-memchr.o)
                0x08002040                memchr
 .text          0x080020e0       0x30 C:/ST/STM32CubeIDE_1.17.0/STM32CubeIDE/plugins/com.st.stm32cube.ide.mcu.externaltools.gnu-tools-for-stm32.13.3.rel1.win32_1.0.0.202411081344/tools/bin/../lib/gcc/arm-none-eabi/13.3.1/thumb/v7e-m+fp/hard\libgcc.a(_aeabi_uldivmod.o)
                0x080020e0                __aeabi_uldivmod
 .text          0x08002110      0x2f8 C:/ST/STM32CubeIDE_1.17.0/STM32CubeIDE/plugins/com.st.stm32cube.ide.mcu.externaltools.gnu-tools-for-stm32.13.3.rel1.win32_1.0.0.202411081344/tools/bin/../lib/gcc/arm-none-eabi/13.3.1/thumb/v7e-m+fp/hard\libgcc.a(_udivmoddi4.o)
                0x08002110                __udivmoddi4
 .text          0x08002408        0x4 C:/ST/STM32CubeIDE_1.17.0/STM32CubeIDE/plugins/com.st.stm32cube.ide.mcu.externaltools.gnu-tools-for-stm32.13.3.rel1.win32_1.0.0.202411081344/tools/bin/../lib/gcc/arm-none-eabi/13.3.1/thumb/v7e-m+fp/hard\libgcc.a(_dvmd_tls.o)
                0x08002408                __aeabi_idiv0
                0x08002408                __aeabi_ldiv0
 *(.text*)
 .text.cs43l22_Init
                0x0800240c      0x1c8 ./Core/Src/cs43l22.o
                0x0800240c                cs43l22_Init
 .text.cs43l22_DeInit
                0x080025d4        0xc ./Core/Src/cs43l22.o
                0x080025d4                cs43l22_DeInit
 .text.cs43l22_ReadID
                0x080025e0       0x30 ./Core/Src/cs43l22.o
                0x080025e0                cs43l22_ReadID
 .text.cs43l22_Play
                0x08002610       0x74 ./Core/Src/cs43l22.o
                0x08002610                cs43l22_Play
 .text.cs43l22_Pause
                0x08002684       0x42 ./Core/Src/cs43l22.o
                0x08002684                cs43l22_Pause
 *fill*         0x080026c6        0x2 
 .text.cs43l22_Resume
                0x080026c8       0x78 ./Core/Src/cs43l22.o
                0x080026c8                cs43l22_Resume
 .text.cs43l22_Stop
                0x08002740       0x68 ./Core/Src/cs43l22.o
                0x08002740                cs43l22_Stop
 .text.cs43l22_SetVolume
                0x080027a8       0xbc ./Core/Src/cs43l22.o
                0x080027a8                cs43l22_SetVolume
 .text.cs43l22_SetFrequency
                0x08002864       0x1a ./Core/Src/cs43l22.o
                0x08002864                cs43l22_SetFrequency
 *fill*         0x0800287e        0x2 
 .text.cs43l22_SetMute
                0x08002880       0xbc ./Core/Src/cs43l22.o
                0x08002880                cs43l22_SetMute
 .text.cs43l22_SetOutputMode
                0x0800293c       0xe4 ./Core/Src/cs43l22.o
                0x0800293c                cs43l22_SetOutputMode
 .text.cs43l22_Reset
                0x08002a20       0x18 ./Core/Src/cs43l22.o
                0x08002a20                cs43l22_Reset
 .text.CODEC_IO_Write
                0x08002a38       0x2e ./Core/Src/cs43l22.o
 *fill*         0x08002a66        0x2 
 .text.Format_PCM_For_Plotter
                0x08002a68       0x6c ./Core/Src/main.o
                0x08002a68                Format_PCM_For_Plotter
 .text.main     0x08002ad4      0x204 ./Core/Src/main.o
                0x08002ad4                main
 .text.SystemClock_Config
                0x08002cd8       0xd0 ./Core/Src/main.o
                0x08002cd8                SystemClock_Config
 .text.PeriphCommonClock_Config
                0x08002da8       0x38 ./Core/Src/main.o
                0x08002da8                PeriphCommonClock_Config
 .text.MX_CRC_Init
                0x08002de0       0x38 ./Core/Src/main.o
 .text.MX_I2C1_Init
                0x08002e18       0x5c ./Core/Src/main.o
 .text.MX_I2S2_Init
                0x08002e74       0x5c ./Core/Src/main.o
 .text.MX_I2S3_Init
                0x08002ed0       0x5c ./Core/Src/main.o
 .text.MX_USART2_UART_Init
                0x08002f2c       0x54 ./Core/Src/main.o
 .text.MX_DMA_Init
                0x08002f80       0x60 ./Core/Src/main.o
 .text.MX_GPIO_Init
                0x08002fe0       0xdc ./Core/Src/main.o
 .text.HAL_I2S_RxHalfCpltCallback
                0x080030bc       0x20 ./Core/Src/main.o
                0x080030bc                HAL_I2S_RxHalfCpltCallback
 .text.HAL_I2S_RxCpltCallback
                0x080030dc       0x20 ./Core/Src/main.o
                0x080030dc                HAL_I2S_RxCpltCallback
 .text.HAL_I2S_ErrorCallback
                0x080030fc       0x20 ./Core/Src/main.o
                0x080030fc                HAL_I2S_ErrorCallback
 .text.BSP_AUDIO_OUT_HalfTransfer_CallBack
                0x0800311c       0x18 ./Core/Src/main.o
                0x0800311c                BSP_AUDIO_OUT_HalfTransfer_CallBack
 .text.BSP_AUDIO_OUT_TransferComplete_CallBack
                0x08003134       0x18 ./Core/Src/main.o
                0x08003134                BSP_AUDIO_OUT_TransferComplete_CallBack
 .text.HAL_UART_TxCpltCallback
                0x0800314c       0x2c ./Core/Src/main.o
                0x0800314c                HAL_UART_TxCpltCallback
 .text.Error_Handler
                0x08003178        0xc ./Core/Src/main.o
                0x08003178                Error_Handler
 .text.HAL_MspInit
                0x08003184       0x50 ./Core/Src/stm32f4xx_hal_msp.o
                0x08003184                HAL_MspInit
 .text.HAL_CRC_MspInit
                0x080031d4       0x44 ./Core/Src/stm32f4xx_hal_msp.o
                0x080031d4                HAL_CRC_MspInit
 .text.HAL_I2C_MspInit
                0x08003218       0x90 ./Core/Src/stm32f4xx_hal_msp.o
                0x08003218                HAL_I2C_MspInit
 .text.HAL_I2S_MspInit
                0x080032a8      0x288 ./Core/Src/stm32f4xx_hal_msp.o
                0x080032a8                HAL_I2S_MspInit
 .text.HAL_UART_MspInit
                0x08003530       0xf4 ./Core/Src/stm32f4xx_hal_msp.o
                0x08003530                HAL_UART_MspInit
 .text.NMI_Handler
                0x08003624        0x8 ./Core/Src/stm32f4xx_it.o
                0x08003624                NMI_Handler
 .text.HardFault_Handler
                0x0800362c        0x8 ./Core/Src/stm32f4xx_it.o
                0x0800362c                HardFault_Handler
 .text.MemManage_Handler
                0x08003634        0x8 ./Core/Src/stm32f4xx_it.o
                0x08003634                MemManage_Handler
 .text.BusFault_Handler
                0x0800363c        0x8 ./Core/Src/stm32f4xx_it.o
                0x0800363c                BusFault_Handler
 .text.UsageFault_Handler
                0x08003644        0x8 ./Core/Src/stm32f4xx_it.o
                0x08003644                UsageFault_Handler
 .text.SVC_Handler
                0x0800364c        0xe ./Core/Src/stm32f4xx_it.o
                0x0800364c                SVC_Handler
 .text.DebugMon_Handler
                0x0800365a        0xe ./Core/Src/stm32f4xx_it.o
                0x0800365a                DebugMon_Handler
 .text.PendSV_Handler
                0x08003668        0xe ./Core/Src/stm32f4xx_it.o
                0x08003668                PendSV_Handler
 .text.SysTick_Handler
                0x08003676        0xc ./Core/Src/stm32f4xx_it.o
                0x08003676                SysTick_Handler
 *fill*         0x08003682        0x2 
 .text.DMA1_Stream3_IRQHandler
                0x08003684       0x14 ./Core/Src/stm32f4xx_it.o
                0x08003684                DMA1_Stream3_IRQHandler
 .text.DMA1_Stream5_IRQHandler
                0x08003698       0x14 ./Core/Src/stm32f4xx_it.o
                0x08003698                DMA1_Stream5_IRQHandler
 .text.DMA1_Stream6_IRQHandler
                0x080036ac       0x14 ./Core/Src/stm32f4xx_it.o
                0x080036ac                DMA1_Stream6_IRQHandler
 .text._sbrk    0x080036c0       0x6c ./Core/Src/sysmem.o
                0x080036c0                _sbrk
 .text.SystemInit
                0x0800372c       0x24 ./Core/Src/system_stm32f4xx.o
                0x0800372c                SystemInit
 .text.Reset_Handler
                0x08003750       0x50 ./Core/Startup/startup_stm32f407vgtx.o
                0x08003750                Reset_Handler
 .text.Default_Handler
                0x080037a0        0x2 ./Core/Startup/startup_stm32f407vgtx.o
                0x080037a0                RTC_Alarm_IRQHandler
                0x080037a0                HASH_RNG_IRQHandler
                0x080037a0                EXTI2_IRQHandler
                0x080037a0                TIM8_CC_IRQHandler
                0x080037a0                TIM1_CC_IRQHandler
                0x080037a0                DMA2_Stream5_IRQHandler
                0x080037a0                PVD_IRQHandler
                0x080037a0                SDIO_IRQHandler
                0x080037a0                TAMP_STAMP_IRQHandler
                0x080037a0                CAN2_RX1_IRQHandler
                0x080037a0                EXTI3_IRQHandler
                0x080037a0                TIM8_TRG_COM_TIM14_IRQHandler
                0x080037a0                TIM1_UP_TIM10_IRQHandler
                0x080037a0                TIM8_UP_TIM13_IRQHandler
                0x080037a0                I2C3_ER_IRQHandler
                0x080037a0                EXTI0_IRQHandler
                0x080037a0                I2C2_EV_IRQHandler
                0x080037a0                DMA1_Stream2_IRQHandler
                0x080037a0                CAN1_RX0_IRQHandler
                0x080037a0                FPU_IRQHandler
                0x080037a0                OTG_HS_WKUP_IRQHandler
                0x080037a0                CAN2_SCE_IRQHandler
                0x080037a0                DMA2_Stream2_IRQHandler
                0x080037a0                SPI1_IRQHandler
                0x080037a0                TIM6_DAC_IRQHandler
                0x080037a0                TIM1_BRK_TIM9_IRQHandler
                0x080037a0                DCMI_IRQHandler
                0x080037a0                CAN2_RX0_IRQHandler
                0x080037a0                DMA2_Stream3_IRQHandler
                0x080037a0                USART6_IRQHandler
                0x080037a0                USART3_IRQHandler
                0x080037a0                CAN1_RX1_IRQHandler
                0x080037a0                UART5_IRQHandler
                0x080037a0                DMA2_Stream0_IRQHandler
                0x080037a0                TIM4_IRQHandler
                0x080037a0                I2C1_EV_IRQHandler
                0x080037a0                DMA1_Stream1_IRQHandler
                0x080037a0                UART4_IRQHandler
                0x080037a0                TIM3_IRQHandler
                0x080037a0                RCC_IRQHandler
                0x080037a0                TIM8_BRK_TIM12_IRQHandler
                0x080037a0                Default_Handler
                0x080037a0                EXTI15_10_IRQHandler
                0x080037a0                ADC_IRQHandler
                0x080037a0                DMA1_Stream7_IRQHandler
                0x080037a0                TIM7_IRQHandler
                0x080037a0                CAN2_TX_IRQHandler
                0x080037a0                TIM5_IRQHandler
                0x080037a0                DMA2_Stream7_IRQHandler
                0x080037a0                I2C3_EV_IRQHandler
                0x080037a0                EXTI9_5_IRQHandler
                0x080037a0                RTC_WKUP_IRQHandler
                0x080037a0                ETH_WKUP_IRQHandler
                0x080037a0                SPI2_IRQHandler
                0x080037a0                OTG_HS_EP1_IN_IRQHandler
                0x080037a0                DMA1_Stream0_IRQHandler
                0x080037a0                CAN1_TX_IRQHandler
                0x080037a0                EXTI4_IRQHandler
                0x080037a0                FSMC_IRQHandler
                0x080037a0                ETH_IRQHandler
                0x080037a0                OTG_HS_EP1_OUT_IRQHandler
                0x080037a0                WWDG_IRQHandler
                0x080037a0                TIM2_IRQHandler
                0x080037a0                OTG_FS_WKUP_IRQHandler
                0x080037a0                TIM1_TRG_COM_TIM11_IRQHandler
                0x080037a0                OTG_HS_IRQHandler
                0x080037a0                EXTI1_IRQHandler
                0x080037a0                USART2_IRQHandler
                0x080037a0                I2C2_ER_IRQHandler
                0x080037a0                DMA2_Stream1_IRQHandler
                0x080037a0                CAN1_SCE_IRQHandler
                0x080037a0                FLASH_IRQHandler
                0x080037a0                DMA2_Stream4_IRQHandler
                0x080037a0                USART1_IRQHandler
                0x080037a0                OTG_FS_IRQHandler
                0x080037a0                SPI3_IRQHandler
                0x080037a0                DMA1_Stream4_IRQHandler
                0x080037a0                I2C1_ER_IRQHandler
                0x080037a0                DMA2_Stream6_IRQHandler
 *fill*         0x080037a2        0x2 
 .text.HAL_Init
                0x080037a4       0x44 ./Drivers/STM32F4xx_HAL_Driver/Src/stm32f4xx_hal.o
                0x080037a4                HAL_Init
 .text.HAL_InitTick
                0x080037e8       0x60 ./Drivers/STM32F4xx_HAL_Driver/Src/stm32f4xx_hal.o
                0x080037e8                HAL_InitTick
 .text.HAL_IncTick
                0x08003848       0x28 ./Drivers/STM32F4xx_HAL_Driver/Src/stm32f4xx_hal.o
                0x08003848                HAL_IncTick
 .text.HAL_GetTick
                0x08003870       0x18 ./Drivers/STM32F4xx_HAL_Driver/Src/stm32f4xx_hal.o
                0x08003870                HAL_GetTick
 .text.HAL_Delay
                0x08003888       0x48 ./Drivers/STM32F4xx_HAL_Driver/Src/stm32f4xx_hal.o
                0x08003888                HAL_Delay
 .text.__NVIC_SetPriorityGrouping
                0x080038d0       0x48 ./Drivers/STM32F4xx_HAL_Driver/Src/stm32f4xx_hal_cortex.o
 .text.__NVIC_GetPriorityGrouping
                0x08003918       0x1c ./Drivers/STM32F4xx_HAL_Driver/Src/stm32f4xx_hal_cortex.o
 .text.__NVIC_EnableIRQ
                0x08003934       0x3c ./Drivers/STM32F4xx_HAL_Driver/Src/stm32f4xx_hal_cortex.o
 .text.__NVIC_SetPriority
                0x08003970       0x54 ./Drivers/STM32F4xx_HAL_Driver/Src/stm32f4xx_hal_cortex.o
 .text.NVIC_EncodePriority
                0x080039c4       0x66 ./Drivers/STM32F4xx_HAL_Driver/Src/stm32f4xx_hal_cortex.o
 *fill*         0x08003a2a        0x2 
 .text.SysTick_Config
                0x08003a2c       0x44 ./Drivers/STM32F4xx_HAL_Driver/Src/stm32f4xx_hal_cortex.o
 .text.HAL_NVIC_SetPriorityGrouping
                0x08003a70       0x16 ./Drivers/STM32F4xx_HAL_Driver/Src/stm32f4xx_hal_cortex.o
                0x08003a70                HAL_NVIC_SetPriorityGrouping
 .text.HAL_NVIC_SetPriority
                0x08003a86       0x38 ./Drivers/STM32F4xx_HAL_Driver/Src/stm32f4xx_hal_cortex.o
                0x08003a86                HAL_NVIC_SetPriority
 .text.HAL_NVIC_EnableIRQ
                0x08003abe       0x1c ./Drivers/STM32F4xx_HAL_Driver/Src/stm32f4xx_hal_cortex.o
                0x08003abe                HAL_NVIC_EnableIRQ
 .text.HAL_SYSTICK_Config
                0x08003ada       0x18 ./Drivers/STM32F4xx_HAL_Driver/Src/stm32f4xx_hal_cortex.o
                0x08003ada                HAL_SYSTICK_Config
 .text.HAL_CRC_Init
                0x08003af2       0x38 ./Drivers/STM32F4xx_HAL_Driver/Src/stm32f4xx_hal_crc.o
                0x08003af2                HAL_CRC_Init
 *fill*         0x08003b2a        0x2 
 .text.HAL_DMA_Init
                0x08003b2c      0x15c ./Drivers/STM32F4xx_HAL_Driver/Src/stm32f4xx_hal_dma.o
                0x08003b2c                HAL_DMA_Init
 .text.HAL_DMA_DeInit
                0x08003c88       0xbc ./Drivers/STM32F4xx_HAL_Driver/Src/stm32f4xx_hal_dma.o
                0x08003c88                HAL_DMA_DeInit
 .text.HAL_DMA_Start_IT
                0x08003d44       0xb0 ./Drivers/STM32F4xx_HAL_Driver/Src/stm32f4xx_hal_dma.o
                0x08003d44                HAL_DMA_Start_IT
 .text.HAL_DMA_IRQHandler
                0x08003df4      0x314 ./Drivers/STM32F4xx_HAL_Driver/Src/stm32f4xx_hal_dma.o
                0x08003df4                HAL_DMA_IRQHandler
 .text.DMA_SetConfig
                0x08004108       0x5c ./Drivers/STM32F4xx_HAL_Driver/Src/stm32f4xx_hal_dma.o
 .text.DMA_CalcBaseAndBitshift
                0x08004164       0x6c ./Drivers/STM32F4xx_HAL_Driver/Src/stm32f4xx_hal_dma.o
 .text.DMA_CheckFifoParam
                0x080041d0       0xf8 ./Drivers/STM32F4xx_HAL_Driver/Src/stm32f4xx_hal_dma.o
 .text.HAL_GPIO_Init
                0x080042c8      0x338 ./Drivers/STM32F4xx_HAL_Driver/Src/stm32f4xx_hal_gpio.o
                0x080042c8                HAL_GPIO_Init
 .text.HAL_GPIO_WritePin
                0x08004600       0x32 ./Drivers/STM32F4xx_HAL_Driver/Src/stm32f4xx_hal_gpio.o
                0x08004600                HAL_GPIO_WritePin
 .text.HAL_GPIO_TogglePin
                0x08004632       0x34 ./Drivers/STM32F4xx_HAL_Driver/Src/stm32f4xx_hal_gpio.o
                0x08004632                HAL_GPIO_TogglePin
 *fill*         0x08004666        0x2 
 .text.HAL_I2C_Init
                0x08004668      0x288 ./Drivers/STM32F4xx_HAL_Driver/Src/stm32f4xx_hal_i2c.o
                0x08004668                HAL_I2C_Init
 .text.HAL_I2C_Mem_Write
                0x080048f0      0x1f4 ./Drivers/STM32F4xx_HAL_Driver/Src/stm32f4xx_hal_i2c.o
                0x080048f0                HAL_I2C_Mem_Write
 .text.HAL_I2C_Mem_Read
                0x08004ae4      0x464 ./Drivers/STM32F4xx_HAL_Driver/Src/stm32f4xx_hal_i2c.o
                0x08004ae4                HAL_I2C_Mem_Read
 .text.I2C_RequestMemoryWrite
                0x08004f48      0x12c ./Drivers/STM32F4xx_HAL_Driver/Src/stm32f4xx_hal_i2c.o
 .text.I2C_RequestMemoryRead
                0x08005074      0x1d0 ./Drivers/STM32F4xx_HAL_Driver/Src/stm32f4xx_hal_i2c.o
 .text.I2C_WaitOnFlagUntilTimeout
                0x08005244       0xf4 ./Drivers/STM32F4xx_HAL_Driver/Src/stm32f4xx_hal_i2c.o
 .text.I2C_WaitOnMasterAddressFlagUntilTimeout
                0x08005338      0x140 ./Drivers/STM32F4xx_HAL_Driver/Src/stm32f4xx_hal_i2c.o
 .text.I2C_WaitOnTXEFlagUntilTimeout
                0x08005478       0x90 ./Drivers/STM32F4xx_HAL_Driver/Src/stm32f4xx_hal_i2c.o
 .text.I2C_WaitOnBTFFlagUntilTimeout
                0x08005508       0x90 ./Drivers/STM32F4xx_HAL_Driver/Src/stm32f4xx_hal_i2c.o
 .text.I2C_WaitOnRXNEFlagUntilTimeout
                0x08005598       0xba ./Drivers/STM32F4xx_HAL_Driver/Src/stm32f4xx_hal_i2c.o
 .text.I2C_IsAcknowledgeFailed
                0x08005652       0x5e ./Drivers/STM32F4xx_HAL_Driver/Src/stm32f4xx_hal_i2c.o
 .text.HAL_I2S_Init
                0x080056b0      0x280 ./Drivers/STM32F4xx_HAL_Driver/Src/stm32f4xx_hal_i2s.o
                0x080056b0                HAL_I2S_Init
 .text.HAL_I2S_Transmit_DMA
                0x08005930      0x148 ./Drivers/STM32F4xx_HAL_Driver/Src/stm32f4xx_hal_i2s.o
                0x08005930                HAL_I2S_Transmit_DMA
 .text.HAL_I2S_Receive_DMA
                0x08005a78      0x170 ./Drivers/STM32F4xx_HAL_Driver/Src/stm32f4xx_hal_i2s.o
                0x08005a78                HAL_I2S_Receive_DMA
 .text.HAL_I2S_GetState
                0x08005be8       0x1c ./Drivers/STM32F4xx_HAL_Driver/Src/stm32f4xx_hal_i2s.o
                0x08005be8                HAL_I2S_GetState
 .text.I2S_DMATxCplt
                0x08005c04       0x42 ./Drivers/STM32F4xx_HAL_Driver/Src/stm32f4xx_hal_i2s.o
 .text.I2S_DMATxHalfCplt
                0x08005c46       0x1c ./Drivers/STM32F4xx_HAL_Driver/Src/stm32f4xx_hal_i2s.o
 .text.I2S_DMARxCplt
                0x08005c62       0x42 ./Drivers/STM32F4xx_HAL_Driver/Src/stm32f4xx_hal_i2s.o
 .text.I2S_DMARxHalfCplt
                0x08005ca4       0x1c ./Drivers/STM32F4xx_HAL_Driver/Src/stm32f4xx_hal_i2s.o
 .text.I2S_DMAError
                0x08005cc0       0x4c ./Drivers/STM32F4xx_HAL_Driver/Src/stm32f4xx_hal_i2s.o
 .text.I2S_Transmit_IT
                0x08005d0c       0x5c ./Drivers/STM32F4xx_HAL_Driver/Src/stm32f4xx_hal_i2s.o
 .text.I2S_Receive_IT
                0x08005d68       0x5e ./Drivers/STM32F4xx_HAL_Driver/Src/stm32f4xx_hal_i2s.o
 .text.I2S_IRQHandler
                0x08005dc6      0x114 ./Drivers/STM32F4xx_HAL_Driver/Src/stm32f4xx_hal_i2s.o
 *fill*         0x08005eda        0x2 
 .text.HAL_I2SEx_FullDuplex_IRQHandler
                0x08005edc      0x2a8 ./Drivers/STM32F4xx_HAL_Driver/Src/stm32f4xx_hal_i2s_ex.o
                0x08005edc                HAL_I2SEx_FullDuplex_IRQHandler
 .text.HAL_I2SEx_TxRxCpltCallback
                0x08006184       0x14 ./Drivers/STM32F4xx_HAL_Driver/Src/stm32f4xx_hal_i2s_ex.o
                0x08006184                HAL_I2SEx_TxRxCpltCallback
 .text.I2SEx_TxISR_I2S
                0x08006198       0x62 ./Drivers/STM32F4xx_HAL_Driver/Src/stm32f4xx_hal_i2s_ex.o
 *fill*         0x080061fa        0x2 
 .text.I2SEx_TxISR_I2SExt
                0x080061fc       0x98 ./Drivers/STM32F4xx_HAL_Driver/Src/stm32f4xx_hal_i2s_ex.o
 .text.I2SEx_RxISR_I2S
                0x08006294       0x64 ./Drivers/STM32F4xx_HAL_Driver/Src/stm32f4xx_hal_i2s_ex.o
 .text.I2SEx_RxISR_I2SExt
                0x080062f8       0x98 ./Drivers/STM32F4xx_HAL_Driver/Src/stm32f4xx_hal_i2s_ex.o
 .text.HAL_RCC_OscConfig
                0x08006390      0x4f0 ./Drivers/STM32F4xx_HAL_Driver/Src/stm32f4xx_hal_rcc.o
                0x08006390                HAL_RCC_OscConfig
 .text.HAL_RCC_ClockConfig
                0x08006880      0x1cc ./Drivers/STM32F4xx_HAL_Driver/Src/stm32f4xx_hal_rcc.o
                0x08006880                HAL_RCC_ClockConfig
 .text.HAL_RCC_GetSysClockFreq
                0x08006a4c      0x20c ./Drivers/STM32F4xx_HAL_Driver/Src/stm32f4xx_hal_rcc.o
                0x08006a4c                HAL_RCC_GetSysClockFreq
 .text.HAL_RCC_GetHCLKFreq
                0x08006c58       0x18 ./Drivers/STM32F4xx_HAL_Driver/Src/stm32f4xx_hal_rcc.o
                0x08006c58                HAL_RCC_GetHCLKFreq
 .text.HAL_RCC_GetPCLK1Freq
                0x08006c70       0x28 ./Drivers/STM32F4xx_HAL_Driver/Src/stm32f4xx_hal_rcc.o
                0x08006c70                HAL_RCC_GetPCLK1Freq
 .text.HAL_RCC_GetPCLK2Freq
                0x08006c98       0x28 ./Drivers/STM32F4xx_HAL_Driver/Src/stm32f4xx_hal_rcc.o
                0x08006c98                HAL_RCC_GetPCLK2Freq
 .text.HAL_RCCEx_PeriphCLKConfig
                0x08006cc0      0x1c4 ./Drivers/STM32F4xx_HAL_Driver/Src/stm32f4xx_hal_rcc_ex.o
                0x08006cc0                HAL_RCCEx_PeriphCLKConfig
 .text.HAL_RCCEx_GetPeriphCLKConfig
                0x08006e84       0x58 ./Drivers/STM32F4xx_HAL_Driver/Src/stm32f4xx_hal_rcc_ex.o
                0x08006e84                HAL_RCCEx_GetPeriphCLKConfig
 .text.HAL_RCCEx_GetPeriphCLKFreq
                0x08006edc       0xc0 ./Drivers/STM32F4xx_HAL_Driver/Src/stm32f4xx_hal_rcc_ex.o
                0x08006edc                HAL_RCCEx_GetPeriphCLKFreq
 .text.HAL_UART_Init
                0x08006f9c       0xa0 ./Drivers/STM32F4xx_HAL_Driver/Src/stm32f4xx_hal_uart.o
                0x08006f9c                HAL_UART_Init
 .text.HAL_UART_Transmit_DMA
                0x0800703c       0xf8 ./Drivers/STM32F4xx_HAL_Driver/Src/stm32f4xx_hal_uart.o
                0x0800703c                HAL_UART_Transmit_DMA
 .text.HAL_UART_TxHalfCpltCallback
                0x08007134       0x14 ./Drivers/STM32F4xx_HAL_Driver/Src/stm32f4xx_hal_uart.o
                0x08007134                HAL_UART_TxHalfCpltCallback
 .text.HAL_UART_ErrorCallback
                0x08007148       0x14 ./Drivers/STM32F4xx_HAL_Driver/Src/stm32f4xx_hal_uart.o
                0x08007148                HAL_UART_ErrorCallback
 .text.UART_DMATransmitCplt
                0x0800715c       0x9a ./Drivers/STM32F4xx_HAL_Driver/Src/stm32f4xx_hal_uart.o
 .text.UART_DMATxHalfCplt
                0x080071f6       0x1c ./Drivers/STM32F4xx_HAL_Driver/Src/stm32f4xx_hal_uart.o
 .text.UART_DMAError
                0x08007212       0x94 ./Drivers/STM32F4xx_HAL_Driver/Src/stm32f4xx_hal_uart.o
 .text.UART_EndTxTransfer
                0x080072a6       0x50 ./Drivers/STM32F4xx_HAL_Driver/Src/stm32f4xx_hal_uart.o
 .text.UART_EndRxTransfer
                0x080072f6       0xc6 ./Drivers/STM32F4xx_HAL_Driver/Src/stm32f4xx_hal_uart.o
 .text.UART_SetConfig
                0x080073bc      0x4e8 ./Drivers/STM32F4xx_HAL_Driver/Src/stm32f4xx_hal_uart.o
 .text.AUDIO_IO_Init
                0x080078a4       0x14 ./Driverss/Src/stm32f4_discovery_audio.o
                0x080078a4                AUDIO_IO_Init
 .text.AUDIO_IO_DeInit
                0x080078b8        0xe ./Driverss/Src/stm32f4_discovery_audio.o
                0x080078b8                AUDIO_IO_DeInit
 *fill*         0x080078c6        0x2 
 .text.AUDIO_IO_Write
                0x080078c8       0x44 ./Driverss/Src/stm32f4_discovery_audio.o
                0x080078c8                AUDIO_IO_Write
 .text.AUDIO_IO_Read
                0x0800790c       0x48 ./Driverss/Src/stm32f4_discovery_audio.o
                0x0800790c                AUDIO_IO_Read
 .text.BSP_AUDIO_OUT_Init
                0x08007954       0x9c ./Driverss/Src/stm32f4_discovery_audio.o
                0x08007954                BSP_AUDIO_OUT_Init
 .text.BSP_AUDIO_OUT_Play
                0x080079f0       0x54 ./Driverss/Src/stm32f4_discovery_audio.o
                0x080079f0                BSP_AUDIO_OUT_Play
 .text.BSP_AUDIO_OUT_SetVolume
                0x08007a44       0x30 ./Driverss/Src/stm32f4_discovery_audio.o
                0x08007a44                BSP_AUDIO_OUT_SetVolume
 .text.HAL_I2S_TxCpltCallback
                0x08007a74       0x24 ./Driverss/Src/stm32f4_discovery_audio.o
                0x08007a74                HAL_I2S_TxCpltCallback
 .text.HAL_I2S_TxHalfCpltCallback
                0x08007a98       0x24 ./Driverss/Src/stm32f4_discovery_audio.o
                0x08007a98                HAL_I2S_TxHalfCpltCallback
 .text.BSP_AUDIO_OUT_ClockConfig
                0x08007abc       0xb4 ./Driverss/Src/stm32f4_discovery_audio.o
                0x08007abc                BSP_AUDIO_OUT_ClockConfig
 .text.BSP_AUDIO_OUT_MspInit
                0x08007b70      0x184 ./Driverss/Src/stm32f4_discovery_audio.o
                0x08007b70                BSP_AUDIO_OUT_MspInit
 .text.I2S3_Init
                0x08007cf4       0x70 ./Driverss/Src/stm32f4_discovery_audio.o
 .text.MX_PDM2PCM_Init
                0x08007d64       0x54 ./PDM2PCM/App/pdm2pcm.o
                0x08007d64                MX_PDM2PCM_Init
 .text.snprintf
                0x08007db8       0x6c C:/ST/STM32CubeIDE_1.17.0/STM32CubeIDE/plugins/com.st.stm32cube.ide.mcu.externaltools.gnu-tools-for-stm32.13.3.rel1.win32_1.0.0.202411081344/tools/bin/../lib/gcc/arm-none-eabi/13.3.1/../../../../arm-none-eabi/lib/thumb/v7e-m+fp/hard\libc_nano.a(libc_a-snprintf.o)
                0x08007db8                sniprintf
                0x08007db8                snprintf
 .text.memset   0x08007e24       0x10 C:/ST/STM32CubeIDE_1.17.0/STM32CubeIDE/plugins/com.st.stm32cube.ide.mcu.externaltools.gnu-tools-for-stm32.13.3.rel1.win32_1.0.0.202411081344/tools/bin/../lib/gcc/arm-none-eabi/13.3.1/../../../../arm-none-eabi/lib/thumb/v7e-m+fp/hard\libc_nano.a(libc_a-memset.o)
                0x08007e24                memset
 .text.__errno  0x08007e34        0xc C:/ST/STM32CubeIDE_1.17.0/STM32CubeIDE/plugins/com.st.stm32cube.ide.mcu.externaltools.gnu-tools-for-stm32.13.3.rel1.win32_1.0.0.202411081344/tools/bin/../lib/gcc/arm-none-eabi/13.3.1/../../../../arm-none-eabi/lib/thumb/v7e-m+fp/hard\libc_nano.a(libc_a-errno.o)
                0x08007e34                __errno
 .text.__libc_init_array
                0x08007e40       0x48 C:/ST/STM32CubeIDE_1.17.0/STM32CubeIDE/plugins/com.st.stm32cube.ide.mcu.externaltools.gnu-tools-for-stm32.13.3.rel1.win32_1.0.0.202411081344/tools/bin/../lib/gcc/arm-none-eabi/13.3.1/../../../../arm-none-eabi/lib/thumb/v7e-m+fp/hard\libc_nano.a(libc_a-init.o)
                0x08007e40                __libc_init_array
 .text.__retarget_lock_acquire_recursive
                0x08007e88        0x2 C:/ST/STM32CubeIDE_1.17.0/STM32CubeIDE/plugins/com.st.stm32cube.ide.mcu.externaltools.gnu-tools-for-stm32.13.3.rel1.win32_1.0.0.202411081344/tools/bin/../lib/gcc/arm-none-eabi/13.3.1/../../../../arm-none-eabi/lib/thumb/v7e-m+fp/hard\libc_nano.a(libc_a-lock.o)
                0x08007e88                __retarget_lock_acquire_recursive
 .text.__retarget_lock_release_recursive
                0x08007e8a        0x2 C:/ST/STM32CubeIDE_1.17.0/STM32CubeIDE/plugins/com.st.stm32cube.ide.mcu.externaltools.gnu-tools-for-stm32.13.3.rel1.win32_1.0.0.202411081344/tools/bin/../lib/gcc/arm-none-eabi/13.3.1/../../../../arm-none-eabi/lib/thumb/v7e-m+fp/hard\libc_nano.a(libc_a-lock.o)
                0x08007e8a                __retarget_lock_release_recursive
 .text.__aeabi_memclr
                0x08007e8c        0x6 C:/ST/STM32CubeIDE_1.17.0/STM32CubeIDE/plugins/com.st.stm32cube.ide.mcu.externaltools.gnu-tools-for-stm32.13.3.rel1.win32_1.0.0.202411081344/tools/bin/../lib/gcc/arm-none-eabi/13.3.1/../../../../arm-none-eabi/lib/thumb/v7e-m+fp/hard\libc_nano.a(libc_a-aeabi_memclr.o)
                0x08007e8c                __aeabi_memclr
                0x08007e8c                __aeabi_memclr4
                0x08007e8c                __aeabi_memclr8
 *fill*         0x08007e92        0x2 
 .text._free_r  0x08007e94       0x94 C:/ST/STM32CubeIDE_1.17.0/STM32CubeIDE/plugins/com.st.stm32cube.ide.mcu.externaltools.gnu-tools-for-stm32.13.3.rel1.win32_1.0.0.202411081344/tools/bin/../lib/gcc/arm-none-eabi/13.3.1/../../../../arm-none-eabi/lib/thumb/v7e-m+fp/hard\libc_nano.a(libc_a-freer.o)
                0x08007e94                _free_r
 .text.sbrk_aligned
                0x08007f28       0x44 C:/ST/STM32CubeIDE_1.17.0/STM32CubeIDE/plugins/com.st.stm32cube.ide.mcu.externaltools.gnu-tools-for-stm32.13.3.rel1.win32_1.0.0.202411081344/tools/bin/../lib/gcc/arm-none-eabi/13.3.1/../../../../arm-none-eabi/lib/thumb/v7e-m+fp/hard\libc_nano.a(libc_a-mallocr.o)
 .text._malloc_r
                0x08007f6c      0x100 C:/ST/STM32CubeIDE_1.17.0/STM32CubeIDE/plugins/com.st.stm32cube.ide.mcu.externaltools.gnu-tools-for-stm32.13.3.rel1.win32_1.0.0.202411081344/tools/bin/../lib/gcc/arm-none-eabi/13.3.1/../../../../arm-none-eabi/lib/thumb/v7e-m+fp/hard\libc_nano.a(libc_a-mallocr.o)
                0x08007f6c                _malloc_r
 .text.__malloc_lock
                0x0800806c        0xc C:/ST/STM32CubeIDE_1.17.0/STM32CubeIDE/plugins/com.st.stm32cube.ide.mcu.externaltools.gnu-tools-for-stm32.13.3.rel1.win32_1.0.0.202411081344/tools/bin/../lib/gcc/arm-none-eabi/13.3.1/../../../../arm-none-eabi/lib/thumb/v7e-m+fp/hard\libc_nano.a(libc_a-mlock.o)
                0x0800806c                __malloc_lock
 .text.__malloc_unlock
                0x08008078        0xc C:/ST/STM32CubeIDE_1.17.0/STM32CubeIDE/plugins/com.st.stm32cube.ide.mcu.externaltools.gnu-tools-for-stm32.13.3.rel1.win32_1.0.0.202411081344/tools/bin/../lib/gcc/arm-none-eabi/13.3.1/../../../../arm-none-eabi/lib/thumb/v7e-m+fp/hard\libc_nano.a(libc_a-mlock.o)
                0x08008078                __malloc_unlock
 .text.__ssputs_r
                0x08008084       0xb6 C:/ST/STM32CubeIDE_1.17.0/STM32CubeIDE/plugins/com.st.stm32cube.ide.mcu.externaltools.gnu-tools-for-stm32.13.3.rel1.win32_1.0.0.202411081344/tools/bin/../lib/gcc/arm-none-eabi/13.3.1/../../../../arm-none-eabi/lib/thumb/v7e-m+fp/hard\libc_nano.a(libc_a-nano-svfprintf.o)
                0x08008084                __ssputs_r
 *fill*         0x0800813a        0x2 
 .text._svfprintf_r
                0x0800813c      0x1f8 C:/ST/STM32CubeIDE_1.17.0/STM32CubeIDE/plugins/com.st.stm32cube.ide.mcu.externaltools.gnu-tools-for-stm32.13.3.rel1.win32_1.0.0.202411081344/tools/bin/../lib/gcc/arm-none-eabi/13.3.1/../../../../arm-none-eabi/lib/thumb/v7e-m+fp/hard\libc_nano.a(libc_a-nano-svfprintf.o)
                0x0800813c                _svfiprintf_r
                0x0800813c                _svfprintf_r
 .text._printf_common
                0x08008334       0xda C:/ST/STM32CubeIDE_1.17.0/STM32CubeIDE/plugins/com.st.stm32cube.ide.mcu.externaltools.gnu-tools-for-stm32.13.3.rel1.win32_1.0.0.202411081344/tools/bin/../lib/gcc/arm-none-eabi/13.3.1/../../../../arm-none-eabi/lib/thumb/v7e-m+fp/hard\libc_nano.a(libc_a-nano-vfprintf_i.o)
                0x08008334                _printf_common
 *fill*         0x0800840e        0x2 
 .text._printf_i
                0x08008410      0x23c C:/ST/STM32CubeIDE_1.17.0/STM32CubeIDE/plugins/com.st.stm32cube.ide.mcu.externaltools.gnu-tools-for-stm32.13.3.rel1.win32_1.0.0.202411081344/tools/bin/../lib/gcc/arm-none-eabi/13.3.1/../../../../arm-none-eabi/lib/thumb/v7e-m+fp/hard\libc_nano.a(libc_a-nano-vfprintf_i.o)
                0x08008410                _printf_i
 .text.memmove  0x0800864c       0x34 C:/ST/STM32CubeIDE_1.17.0/STM32CubeIDE/plugins/com.st.stm32cube.ide.mcu.externaltools.gnu-tools-for-stm32.13.3.rel1.win32_1.0.0.202411081344/tools/bin/../lib/gcc/arm-none-eabi/13.3.1/../../../../arm-none-eabi/lib/thumb/v7e-m+fp/hard\libc_nano.a(libc_a-memmove.o)
                0x0800864c                memmove
 .text._sbrk_r  0x08008680       0x20 C:/ST/STM32CubeIDE_1.17.0/STM32CubeIDE/plugins/com.st.stm32cube.ide.mcu.externaltools.gnu-tools-for-stm32.13.3.rel1.win32_1.0.0.202411081344/tools/bin/../lib/gcc/arm-none-eabi/13.3.1/../../../../arm-none-eabi/lib/thumb/v7e-m+fp/hard\libc_nano.a(libc_a-sbrkr.o)
                0x08008680                _sbrk_r
 .text.memcpy   0x080086a0       0x1c C:/ST/STM32CubeIDE_1.17.0/STM32CubeIDE/plugins/com.st.stm32cube.ide.mcu.externaltools.gnu-tools-for-stm32.13.3.rel1.win32_1.0.0.202411081344/tools/bin/../lib/gcc/arm-none-eabi/13.3.1/../../../../arm-none-eabi/lib/thumb/v7e-m+fp/hard\libc_nano.a(libc_a-memcpy-stub.o)
                0x080086a0                memcpy
 .text._realloc_r
                0x080086bc       0x5c C:/ST/STM32CubeIDE_1.17.0/STM32CubeIDE/plugins/com.st.stm32cube.ide.mcu.externaltools.gnu-tools-for-stm32.13.3.rel1.win32_1.0.0.202411081344/tools/bin/../lib/gcc/arm-none-eabi/13.3.1/../../../../arm-none-eabi/lib/thumb/v7e-m+fp/hard\libc_nano.a(libc_a-reallocr.o)
                0x080086bc                _realloc_r
 .text._malloc_usable_size_r
                0x08008718       0x10 C:/ST/STM32CubeIDE_1.17.0/STM32CubeIDE/plugins/com.st.stm32cube.ide.mcu.externaltools.gnu-tools-for-stm32.13.3.rel1.win32_1.0.0.202411081344/tools/bin/../lib/gcc/arm-none-eabi/13.3.1/../../../../arm-none-eabi/lib/thumb/v7e-m+fp/hard\libc_nano.a(libc_a-msizer.o)
                0x08008718                _malloc_usable_size_r
 .text.powf     0x08008728       0xae C:/ST/STM32CubeIDE_1.17.0/STM32CubeIDE/plugins/com.st.stm32cube.ide.mcu.externaltools.gnu-tools-for-stm32.13.3.rel1.win32_1.0.0.202411081344/tools/bin/../lib/gcc/arm-none-eabi/13.3.1/../../../../arm-none-eabi/lib/thumb/v7e-m+fp/hard\libm.a(libm_a-wf_pow.o)
                0x08008728                powf
 .text.finitef  0x080087d6       0x14 C:/ST/STM32CubeIDE_1.17.0/STM32CubeIDE/plugins/com.st.stm32cube.ide.mcu.externaltools.gnu-tools-for-stm32.13.3.rel1.win32_1.0.0.202411081344/tools/bin/../lib/gcc/arm-none-eabi/13.3.1/../../../../arm-none-eabi/lib/thumb/v7e-m+fp/hard\libm.a(libm_a-sf_finite.o)
                0x080087d6                finitef
 *fill*         0x080087ea        0x2 
 .text.roundf   0x080087ec       0x48 C:/ST/STM32CubeIDE_1.17.0/STM32CubeIDE/plugins/com.st.stm32cube.ide.mcu.externaltools.gnu-tools-for-stm32.13.3.rel1.win32_1.0.0.202411081344/tools/bin/../lib/gcc/arm-none-eabi/13.3.1/../../../../arm-none-eabi/lib/thumb/v7e-m+fp/hard\libm.a(libm_a-sf_round.o)
                0x080087ec                roundf
 .text.__ieee754_powf
                0x08008834      0x59c C:/ST/STM32CubeIDE_1.17.0/STM32CubeIDE/plugins/com.st.stm32cube.ide.mcu.externaltools.gnu-tools-for-stm32.13.3.rel1.win32_1.0.0.202411081344/tools/bin/../lib/gcc/arm-none-eabi/13.3.1/../../../../arm-none-eabi/lib/thumb/v7e-m+fp/hard\libm.a(libm_a-ef_pow.o)
                0x08008834                __ieee754_powf
 .text.fabsf    0x08008dd0        0xe C:/ST/STM32CubeIDE_1.17.0/STM32CubeIDE/plugins/com.st.stm32cube.ide.mcu.externaltools.gnu-tools-for-stm32.13.3.rel1.win32_1.0.0.202411081344/tools/bin/../lib/gcc/arm-none-eabi/13.3.1/../../../../arm-none-eabi/lib/thumb/v7e-m+fp/hard\libm.a(libm_a-sf_fabs.o)
                0x08008dd0                fabsf
 *fill*         0x08008dde        0x2 
 .text.scalbnf  0x08008de0       0xcc C:/ST/STM32CubeIDE_1.17.0/STM32CubeIDE/plugins/com.st.stm32cube.ide.mcu.externaltools.gnu-tools-for-stm32.13.3.rel1.win32_1.0.0.202411081344/tools/bin/../lib/gcc/arm-none-eabi/13.3.1/../../../../arm-none-eabi/lib/thumb/v7e-m+fp/hard\libm.a(libm_a-sf_scalbn.o)
                0x08008de0                scalbnf
 .text.with_errnof
                0x08008eac       0x1c C:/ST/STM32CubeIDE_1.17.0/STM32CubeIDE/plugins/com.st.stm32cube.ide.mcu.externaltools.gnu-tools-for-stm32.13.3.rel1.win32_1.0.0.202411081344/tools/bin/../lib/gcc/arm-none-eabi/13.3.1/../../../../arm-none-eabi/lib/thumb/v7e-m+fp/hard\libm.a(libm_a-math_errf.o)
 .text.xflowf   0x08008ec8       0x16 C:/ST/STM32CubeIDE_1.17.0/STM32CubeIDE/plugins/com.st.stm32cube.ide.mcu.externaltools.gnu-tools-for-stm32.13.3.rel1.win32_1.0.0.202411081344/tools/bin/../lib/gcc/arm-none-eabi/13.3.1/../../../../arm-none-eabi/lib/thumb/v7e-m+fp/hard\libm.a(libm_a-math_errf.o)
 *fill*         0x08008ede        0x2 
 .text.__math_uflowf
                0x08008ee0        0xc C:/ST/STM32CubeIDE_1.17.0/STM32CubeIDE/plugins/com.st.stm32cube.ide.mcu.externaltools.gnu-tools-for-stm32.13.3.rel1.win32_1.0.0.202411081344/tools/bin/../lib/gcc/arm-none-eabi/13.3.1/../../../../arm-none-eabi/lib/thumb/v7e-m+fp/hard\libm.a(libm_a-math_errf.o)
                0x08008ee0                __math_uflowf
 .text.__math_oflowf
                0x08008eec        0xc C:/ST/STM32CubeIDE_1.17.0/STM32CubeIDE/plugins/com.st.stm32cube.ide.mcu.externaltools.gnu-tools-for-stm32.13.3.rel1.win32_1.0.0.202411081344/tools/bin/../lib/gcc/arm-none-eabi/13.3.1/../../../../arm-none-eabi/lib/thumb/v7e-m+fp/hard\libm.a(libm_a-math_errf.o)
                0x08008eec                __math_oflowf
 .text.__ieee754_sqrtf
                0x08008ef8        0x6 C:/ST/STM32CubeIDE_1.17.0/STM32CubeIDE/plugins/com.st.stm32cube.ide.mcu.externaltools.gnu-tools-for-stm32.13.3.rel1.win32_1.0.0.202411081344/tools/bin/../lib/gcc/arm-none-eabi/13.3.1/../../../../arm-none-eabi/lib/thumb/v7e-m+fp/hard\libm.a(libm_a-ef_sqrt.o)
                0x08008ef8                __ieee754_sqrtf
 *(.glue_7)
 .glue_7        0x08008efe        0x0 linker stubs
 *(.glue_7t)
 .glue_7t       0x08008efe        0x0 linker stubs
 *(.eh_frame)
 *fill*         0x08008efe        0x2 
 .eh_frame      0x08008f00        0x0 C:/ST/STM32CubeIDE_1.17.0/STM32CubeIDE/plugins/com.st.stm32cube.ide.mcu.externaltools.gnu-tools-for-stm32.13.3.rel1.win32_1.0.0.202411081344/tools/bin/../lib/gcc/arm-none-eabi/13.3.1/thumb/v7e-m+fp/hard/crtbegin.o
 *(.init)
 .init          0x08008f00        0x4 C:/ST/STM32CubeIDE_1.17.0/STM32CubeIDE/plugins/com.st.stm32cube.ide.mcu.externaltools.gnu-tools-for-stm32.13.3.rel1.win32_1.0.0.202411081344/tools/bin/../lib/gcc/arm-none-eabi/13.3.1/thumb/v7e-m+fp/hard/crti.o
                0x08008f00                _init
 .init          0x08008f04        0x8 C:/ST/STM32CubeIDE_1.17.0/STM32CubeIDE/plugins/com.st.stm32cube.ide.mcu.externaltools.gnu-tools-for-stm32.13.3.rel1.win32_1.0.0.202411081344/tools/bin/../lib/gcc/arm-none-eabi/13.3.1/thumb/v7e-m+fp/hard/crtn.o
 *(.fini)
 .fini          0x08008f0c        0x4 C:/ST/STM32CubeIDE_1.17.0/STM32CubeIDE/plugins/com.st.stm32cube.ide.mcu.externaltools.gnu-tools-for-stm32.13.3.rel1.win32_1.0.0.202411081344/tools/bin/../lib/gcc/arm-none-eabi/13.3.1/thumb/v7e-m+fp/hard/crti.o
                0x08008f0c                _fini
 .fini          0x08008f10        0x8 C:/ST/STM32CubeIDE_1.17.0/STM32CubeIDE/plugins/com.st.stm32cube.ide.mcu.externaltools.gnu-tools-for-stm32.13.3.rel1.win32_1.0.0.202411081344/tools/bin/../lib/gcc/arm-none-eabi/13.3.1/thumb/v7e-m+fp/hard/crtn.o
                0x08008f18                        . = ALIGN (0x4)
                0x08008f18                        _etext = .

.vfp11_veneer   0x08008f18        0x0
 .vfp11_veneer  0x08008f18        0x0 linker stubs

.v4_bx          0x08008f18        0x0
 .v4_bx         0x08008f18        0x0 linker stubs

.iplt           0x08008f18        0x0
 .iplt          0x08008f18        0x0 C:/ST/STM32CubeIDE_1.17.0/STM32CubeIDE/plugins/com.st.stm32cube.ide.mcu.externaltools.gnu-tools-for-stm32.13.3.rel1.win32_1.0.0.202411081344/tools/bin/../lib/gcc/arm-none-eabi/13.3.1/thumb/v7e-m+fp/hard/crtbegin.o

.rodata         0x08008f18       0xd0
                0x08008f18                        . = ALIGN (0x4)
 *(.rodata)
 .rodata        0x08008f18        0x4 ./Core/Src/main.o
 *(.rodata*)
 .rodata.AHBPrescTable
                0x08008f1c       0x10 ./Core/Src/system_stm32f4xx.o
                0x08008f1c                AHBPrescTable
 .rodata.APBPrescTable
                0x08008f2c        0x8 ./Core/Src/system_stm32f4xx.o
                0x08008f2c                APBPrescTable
 .rodata.flagBitshiftOffset.0
                0x08008f34        0x8 ./Drivers/STM32F4xx_HAL_Driver/Src/stm32f4xx_hal_dma.o
 .rodata.I2SFreq
                0x08008f3c       0x20 ./Driverss/Src/stm32f4_discovery_audio.o
                0x08008f3c                I2SFreq
 .rodata.I2SPLLN
                0x08008f5c       0x20 ./Driverss/Src/stm32f4_discovery_audio.o
                0x08008f5c                I2SPLLN
 .rodata.I2SPLLR
                0x08008f7c       0x20 ./Driverss/Src/stm32f4_discovery_audio.o
                0x08008f7c                I2SPLLR
 .rodata._svfprintf_r.str1.1
                0x08008f9c       0x33 C:/ST/STM32CubeIDE_1.17.0/STM32CubeIDE/plugins/com.st.stm32cube.ide.mcu.externaltools.gnu-tools-for-stm32.13.3.rel1.win32_1.0.0.202411081344/tools/bin/../lib/gcc/arm-none-eabi/13.3.1/../../../../arm-none-eabi/lib/thumb/v7e-m+fp/hard\libc_nano.a(libc_a-nano-svfprintf.o)
                                 0x11 (size before relaxing)
 .rodata._printf_i.str1.1
                0x08008fcf       0x22 C:/ST/STM32CubeIDE_1.17.0/STM32CubeIDE/plugins/com.st.stm32cube.ide.mcu.externaltools.gnu-tools-for-stm32.13.3.rel1.win32_1.0.0.202411081344/tools/bin/../lib/gcc/arm-none-eabi/13.3.1/../../../../arm-none-eabi/lib/thumb/v7e-m+fp/hard\libc_nano.a(libc_a-nano-vfprintf_i.o)
 *fill*         0x08008fcf        0x1 
 .rodata.dp_l   0x08008fd0        0x8 C:/ST/STM32CubeIDE_1.17.0/STM32CubeIDE/plugins/com.st.stm32cube.ide.mcu.externaltools.gnu-tools-for-stm32.13.3.rel1.win32_1.0.0.202411081344/tools/bin/../lib/gcc/arm-none-eabi/13.3.1/../../../../arm-none-eabi/lib/thumb/v7e-m+fp/hard\libm.a(libm_a-ef_pow.o)
 .rodata.dp_h   0x08008fd8        0x8 C:/ST/STM32CubeIDE_1.17.0/STM32CubeIDE/plugins/com.st.stm32cube.ide.mcu.externaltools.gnu-tools-for-stm32.13.3.rel1.win32_1.0.0.202411081344/tools/bin/../lib/gcc/arm-none-eabi/13.3.1/../../../../arm-none-eabi/lib/thumb/v7e-m+fp/hard\libm.a(libm_a-ef_pow.o)
 .rodata.bp     0x08008fe0        0x8 C:/ST/STM32CubeIDE_1.17.0/STM32CubeIDE/plugins/com.st.stm32cube.ide.mcu.externaltools.gnu-tools-for-stm32.13.3.rel1.win32_1.0.0.202411081344/tools/bin/../lib/gcc/arm-none-eabi/13.3.1/../../../../arm-none-eabi/lib/thumb/v7e-m+fp/hard\libm.a(libm_a-ef_pow.o)
                0x08008fe8                        . = ALIGN (0x4)

.ARM.extab      0x08008fe8        0x0
                0x08008fe8                        . = ALIGN (0x4)
 *(.ARM.extab* .gnu.linkonce.armextab.*)
                0x08008fe8                        . = ALIGN (0x4)

.ARM            0x08008fe8        0x8
                0x08008fe8                        . = ALIGN (0x4)
                0x08008fe8                        __exidx_start = .
 *(.ARM.exidx*)
 .ARM.exidx     0x08008fe8        0x8 C:/ST/STM32CubeIDE_1.17.0/STM32CubeIDE/plugins/com.st.stm32cube.ide.mcu.externaltools.gnu-tools-for-stm32.13.3.rel1.win32_1.0.0.202411081344/tools/bin/../lib/gcc/arm-none-eabi/13.3.1/../../../../arm-none-eabi/lib/thumb/v7e-m+fp/hard\libc_nano.a(libc_a-strlen.o)
 .ARM.exidx     0x08008ff0        0x0 C:/ST/STM32CubeIDE_1.17.0/STM32CubeIDE/plugins/com.st.stm32cube.ide.mcu.externaltools.gnu-tools-for-stm32.13.3.rel1.win32_1.0.0.202411081344/tools/bin/../lib/gcc/arm-none-eabi/13.3.1/../../../../arm-none-eabi/lib/thumb/v7e-m+fp/hard\libc_nano.a(libc_a-aeabi_memset-soft.o)
                                  0x8 (size before relaxing)
 .ARM.exidx     0x08008ff0        0x0 C:/ST/STM32CubeIDE_1.17.0/STM32CubeIDE/plugins/com.st.stm32cube.ide.mcu.externaltools.gnu-tools-for-stm32.13.3.rel1.win32_1.0.0.202411081344/tools/bin/../lib/gcc/arm-none-eabi/13.3.1/../../../../arm-none-eabi/lib/thumb/v7e-m+fp/hard\libc_nano.a(libc_a-memchr.o)
                                  0x8 (size before relaxing)
 .ARM.exidx     0x08008ff0        0x0 C:/ST/STM32CubeIDE_1.17.0/STM32CubeIDE/plugins/com.st.stm32cube.ide.mcu.externaltools.gnu-tools-for-stm32.13.3.rel1.win32_1.0.0.202411081344/tools/bin/../lib/gcc/arm-none-eabi/13.3.1/thumb/v7e-m+fp/hard\libgcc.a(_udivmoddi4.o)
                                  0x8 (size before relaxing)
                0x08008ff0                        __exidx_end = .
                0x08008ff0                        . = ALIGN (0x4)

.preinit_array  0x08008ff0        0x0
                0x08008ff0                        . = ALIGN (0x4)
                0x08008ff0                        PROVIDE (__preinit_array_start = .)
 *(.preinit_array*)
                0x08008ff0                        PROVIDE (__preinit_array_end = .)
                0x08008ff0                        . = ALIGN (0x4)

.init_array     0x08008ff0        0x4
                0x08008ff0                        . = ALIGN (0x4)
                0x08008ff0                        PROVIDE (__init_array_start = .)
 *(SORT_BY_NAME(.init_array.*))
 *(.init_array*)
 .init_array    0x08008ff0        0x4 C:/ST/STM32CubeIDE_1.17.0/STM32CubeIDE/plugins/com.st.stm32cube.ide.mcu.externaltools.gnu-tools-for-stm32.13.3.rel1.win32_1.0.0.202411081344/tools/bin/../lib/gcc/arm-none-eabi/13.3.1/thumb/v7e-m+fp/hard/crtbegin.o
                0x08008ff4                        PROVIDE (__init_array_end = .)
                0x08008ff4                        . = ALIGN (0x4)

.fini_array     0x08008ff4        0x4
                0x08008ff4                        . = ALIGN (0x4)
                [!provide]                        PROVIDE (__fini_array_start = .)
 *(SORT_BY_NAME(.fini_array.*))
 *(.fini_array*)
 .fini_array    0x08008ff4        0x4 C:/ST/STM32CubeIDE_1.17.0/STM32CubeIDE/plugins/com.st.stm32cube.ide.mcu.externaltools.gnu-tools-for-stm32.13.3.rel1.win32_1.0.0.202411081344/tools/bin/../lib/gcc/arm-none-eabi/13.3.1/thumb/v7e-m+fp/hard/crtbegin.o
                [!provide]                        PROVIDE (__fini_array_end = .)
                0x08008ff8                        . = ALIGN (0x4)
                0x08008ff8                        _sidata = LOADADDR (.data)

.rel.dyn        0x08008ff8        0x0
 .rel.iplt      0x08008ff8        0x0 C:/ST/STM32CubeIDE_1.17.0/STM32CubeIDE/plugins/com.st.stm32cube.ide.mcu.externaltools.gnu-tools-for-stm32.13.3.rel1.win32_1.0.0.202411081344/tools/bin/../lib/gcc/arm-none-eabi/13.3.1/thumb/v7e-m+fp/hard/crtbegin.o

.data           0x20000000      0x494 load address 0x08008ff8
                0x20000000                        . = ALIGN (0x4)
                0x20000000                        _sdata = .
 *(.data)
 .data          0x20000000      0x404 C:\Users\Kit-covid-0739\STM32Cube\Repository\STM32Cube_FW_F4_V1.28.2\Middlewares\ST\STM32_Audio\Addons\PDM\Lib\libPDMFilter_CM4_IAR_wc32.a(pdm_filter.o)
 *(.data*)
 .data.cs43l22_drv
                0x20000404       0x30 ./Core/Src/cs43l22.o
                0x20000404                cs43l22_drv
 .data.Is_cs43l22_Stop
                0x20000434        0x1 ./Core/Src/cs43l22.o
 *fill*         0x20000435        0x3 
 .data.SystemCoreClock
                0x20000438        0x4 ./Core/Src/system_stm32f4xx.o
                0x20000438                SystemCoreClock
 .data.uwTickPrio
                0x2000043c        0x4 ./Drivers/STM32F4xx_HAL_Driver/Src/stm32f4xx_hal.o
                0x2000043c                uwTickPrio
 .data.uwTickFreq
                0x20000440        0x1 ./Drivers/STM32F4xx_HAL_Driver/Src/stm32f4xx_hal.o
                0x20000440                uwTickFreq
 *fill*         0x20000441        0x3 
 .data._impure_ptr
                0x20000444        0x4 C:/ST/STM32CubeIDE_1.17.0/STM32CubeIDE/plugins/com.st.stm32cube.ide.mcu.externaltools.gnu-tools-for-stm32.13.3.rel1.win32_1.0.0.202411081344/tools/bin/../lib/gcc/arm-none-eabi/13.3.1/../../../../arm-none-eabi/lib/thumb/v7e-m+fp/hard\libc_nano.a(libc_a-impure.o)
                0x20000444                _impure_ptr
 .data._impure_data
                0x20000448       0x4c C:/ST/STM32CubeIDE_1.17.0/STM32CubeIDE/plugins/com.st.stm32cube.ide.mcu.externaltools.gnu-tools-for-stm32.13.3.rel1.win32_1.0.0.202411081344/tools/bin/../lib/gcc/arm-none-eabi/13.3.1/../../../../arm-none-eabi/lib/thumb/v7e-m+fp/hard\libc_nano.a(libc_a-impure.o)
                0x20000448                _impure_data
 *(.RamFunc)
 *(.RamFunc*)
                0x20000494                        . = ALIGN (0x4)
                0x20000494                        _edata = .
                0x0800948c                        _siccmram = LOADADDR (.ccmram)

.igot.plt       0x20000494        0x0 load address 0x0800948c
 .igot.plt      0x20000494        0x0 C:/ST/STM32CubeIDE_1.17.0/STM32CubeIDE/plugins/com.st.stm32cube.ide.mcu.externaltools.gnu-tools-for-stm32.13.3.rel1.win32_1.0.0.202411081344/tools/bin/../lib/gcc/arm-none-eabi/13.3.1/thumb/v7e-m+fp/hard/crtbegin.o

.ccmram         0x10000000        0x0 load address 0x0800948c
                0x10000000                        . = ALIGN (0x4)
                0x10000000                        _sccmram = .
 *(.ccmram)
 *(.ccmram*)
                0x10000000                        . = ALIGN (0x4)
                0x10000000                        _eccmram = .
                0x10000000                        . = ALIGN (0x4)

.bss            0x20000494      0xe4c
                0x20000494                        _sbss = .
                0x20000494                        __bss_start__ = _sbss
 *(.bss)
 .bss           0x20000494       0x1c C:/ST/STM32CubeIDE_1.17.0/STM32CubeIDE/plugins/com.st.stm32cube.ide.mcu.externaltools.gnu-tools-for-stm32.13.3.rel1.win32_1.0.0.202411081344/tools/bin/../lib/gcc/arm-none-eabi/13.3.1/thumb/v7e-m+fp/hard/crtbegin.o
 *(.bss*)
 .bss.OutputDev
                0x200004b0        0x1 ./Core/Src/cs43l22.o
                0x200004b0                OutputDev
 *fill*         0x200004b1        0x3 
 .bss.hcrc      0x200004b4        0x8 ./Core/Src/main.o
                0x200004b4                hcrc
 .bss.hi2c1     0x200004bc       0x54 ./Core/Src/main.o
                0x200004bc                hi2c1
 .bss.hi2s2     0x20000510       0x48 ./Core/Src/main.o
                0x20000510                hi2s2
 .bss.hi2s3     0x20000558       0x48 ./Core/Src/main.o
                0x20000558                hi2s3
 .bss.hdma_spi2_rx
                0x200005a0       0x60 ./Core/Src/main.o
                0x200005a0                hdma_spi2_rx
 .bss.hdma_spi3_tx
                0x20000600       0x60 ./Core/Src/main.o
                0x20000600                hdma_spi3_tx
 .bss.huart2    0x20000660       0x48 ./Core/Src/main.o
                0x20000660                huart2
 .bss.hdma_usart2_tx
                0x200006a8       0x60 ./Core/Src/main.o
                0x200006a8                hdma_usart2_tx
 .bss.isAudioBufferPDMHalf
                0x20000708        0x1 ./Core/Src/main.o
                0x20000708                isAudioBufferPDMHalf
 .bss.isAudioBufferPDMFull
                0x20000709        0x1 ./Core/Src/main.o
                0x20000709                isAudioBufferPDMFull
 .bss.pcm_buffer_half_free
                0x2000070a        0x1 ./Core/Src/main.o
                0x2000070a                pcm_buffer_half_free
 .bss.isI2SReadingError
                0x2000070b        0x1 ./Core/Src/main.o
                0x2000070b                isI2SReadingError
 .bss.uart_busy
                0x2000070c        0x1 ./Core/Src/main.o
                0x2000070c                uart_busy
 .bss.pcm_counter
                0x2000070d        0x1 ./Core/Src/main.o
                0x2000070d                pcm_counter
 .bss.pcm_ready
                0x2000070e        0x1 ./Core/Src/main.o
                0x2000070e                pcm_ready
 *fill*         0x2000070f        0x1 
 .bss.audioBufferPDM
                0x20000710      0x100 ./Core/Src/main.o
                0x20000710                audioBufferPDM
 .bss.audioBufferPCM
                0x20000810       0x40 ./Core/Src/main.o
                0x20000810                audioBufferPCM
 .bss.pcm_tx_buffer
                0x20000850       0x40 ./Core/Src/main.o
                0x20000850                pcm_tx_buffer
 .bss.uart_tx_buffer
                0x20000890      0x800 ./Core/Src/main.o
                0x20000890                uart_tx_buffer
 .bss.__sbrk_heap_end
                0x20001090        0x4 ./Core/Src/sysmem.o
 .bss.uwTick    0x20001094        0x4 ./Drivers/STM32F4xx_HAL_Driver/Src/stm32f4xx_hal.o
                0x20001094                uwTick
 .bss.pAudioDrv
                0x20001098        0x4 ./Driverss/Src/stm32f4_discovery_audio.o
 .bss.hAudioOutI2s
                0x2000109c       0x48 ./Driverss/Src/stm32f4_discovery_audio.o
                0x2000109c                hAudioOutI2s
 .bss.hdma_i2sTx.1
                0x200010e4       0x60 ./Driverss/Src/stm32f4_discovery_audio.o
 .bss.PDM1_filter_handler
                0x20001144       0x4c ./PDM2PCM/App/pdm2pcm.o
                0x20001144                PDM1_filter_handler
 .bss.PDM1_filter_config
                0x20001190        0x6 ./PDM2PCM/App/pdm2pcm.o
                0x20001190                PDM1_filter_config
 *fill*         0x20001196        0x2 
 .bss.__sf      0x20001198      0x138 C:/ST/STM32CubeIDE_1.17.0/STM32CubeIDE/plugins/com.st.stm32cube.ide.mcu.externaltools.gnu-tools-for-stm32.13.3.rel1.win32_1.0.0.202411081344/tools/bin/../lib/gcc/arm-none-eabi/13.3.1/../../../../arm-none-eabi/lib/thumb/v7e-m+fp/hard\libc_nano.a(libc_a-findfp.o)
                0x20001198                __sf
 .bss.errno     0x200012d0        0x4 C:/ST/STM32CubeIDE_1.17.0/STM32CubeIDE/plugins/com.st.stm32cube.ide.mcu.externaltools.gnu-tools-for-stm32.13.3.rel1.win32_1.0.0.202411081344/tools/bin/../lib/gcc/arm-none-eabi/13.3.1/../../../../arm-none-eabi/lib/thumb/v7e-m+fp/hard\libc_nano.a(libc_a-reent.o)
                0x200012d0                errno
 .bss.__lock___malloc_recursive_mutex
                0x200012d4        0x1 C:/ST/STM32CubeIDE_1.17.0/STM32CubeIDE/plugins/com.st.stm32cube.ide.mcu.externaltools.gnu-tools-for-stm32.13.3.rel1.win32_1.0.0.202411081344/tools/bin/../lib/gcc/arm-none-eabi/13.3.1/../../../../arm-none-eabi/lib/thumb/v7e-m+fp/hard\libc_nano.a(libc_a-lock.o)
                0x200012d4                __lock___malloc_recursive_mutex
 *fill*         0x200012d5        0x3 
 .bss.__malloc_sbrk_start
                0x200012d8        0x4 C:/ST/STM32CubeIDE_1.17.0/STM32CubeIDE/plugins/com.st.stm32cube.ide.mcu.externaltools.gnu-tools-for-stm32.13.3.rel1.win32_1.0.0.202411081344/tools/bin/../lib/gcc/arm-none-eabi/13.3.1/../../../../arm-none-eabi/lib/thumb/v7e-m+fp/hard\libc_nano.a(libc_a-mallocr.o)
                0x200012d8                __malloc_sbrk_start
 .bss.__malloc_free_list
                0x200012dc        0x4 C:/ST/STM32CubeIDE_1.17.0/STM32CubeIDE/plugins/com.st.stm32cube.ide.mcu.externaltools.gnu-tools-for-stm32.13.3.rel1.win32_1.0.0.202411081344/tools/bin/../lib/gcc/arm-none-eabi/13.3.1/../../../../arm-none-eabi/lib/thumb/v7e-m+fp/hard\libc_nano.a(libc_a-mallocr.o)
                0x200012dc                __malloc_free_list
 *(COMMON)
                0x200012e0                        . = ALIGN (0x4)
                0x200012e0                        _ebss = .
                0x200012e0                        __bss_end__ = _ebss

._user_heap_stack
                0x200012e0      0x600
                0x200012e0                        . = ALIGN (0x8)
                [!provide]                        PROVIDE (end = .)
                0x200012e0                        PROVIDE (_end = .)
                0x200014e0                        . = (. + _Min_Heap_Size)
 *fill*         0x200012e0      0x200 
                0x200018e0                        . = (. + _Min_Stack_Size)
 *fill*         0x200014e0      0x400 
                0x200018e0                        . = ALIGN (0x8)

/DISCARD/
 libc.a(*)
 libm.a(*)
 libgcc.a(*)

.ARM.attributes
                0x00000000       0x34
 *(.ARM.attributes)
 .ARM.attributes
                0x00000000       0x22 C:/ST/STM32CubeIDE_1.17.0/STM32CubeIDE/plugins/com.st.stm32cube.ide.mcu.externaltools.gnu-tools-for-stm32.13.3.rel1.win32_1.0.0.202411081344/tools/bin/../lib/gcc/arm-none-eabi/13.3.1/thumb/v7e-m+fp/hard/crti.o
 .ARM.attributes
                0x00000022       0x34 C:/ST/STM32CubeIDE_1.17.0/STM32CubeIDE/plugins/com.st.stm32cube.ide.mcu.externaltools.gnu-tools-for-stm32.13.3.rel1.win32_1.0.0.202411081344/tools/bin/../lib/gcc/arm-none-eabi/13.3.1/thumb/v7e-m+fp/hard/crtbegin.o
 .ARM.attributes
                0x00000056       0x34 ./Core/Src/cs43l22.o
 .ARM.attributes
                0x0000008a       0x34 ./Core/Src/main.o
 .ARM.attributes
                0x000000be       0x34 ./Core/Src/stm32f4xx_hal_msp.o
 .ARM.attributes
                0x000000f2       0x34 ./Core/Src/stm32f4xx_it.o
 .ARM.attributes
                0x00000126       0x34 ./Core/Src/sysmem.o
 .ARM.attributes
                0x0000015a       0x34 ./Core/Src/system_stm32f4xx.o
 .ARM.attributes
                0x0000018e       0x21 ./Core/Startup/startup_stm32f407vgtx.o
 .ARM.attributes
                0x000001af       0x34 ./Drivers/STM32F4xx_HAL_Driver/Src/stm32f4xx_hal.o
 .ARM.attributes
                0x000001e3       0x34 ./Drivers/STM32F4xx_HAL_Driver/Src/stm32f4xx_hal_cortex.o
 .ARM.attributes
                0x00000217       0x34 ./Drivers/STM32F4xx_HAL_Driver/Src/stm32f4xx_hal_crc.o
 .ARM.attributes
                0x0000024b       0x34 ./Drivers/STM32F4xx_HAL_Driver/Src/stm32f4xx_hal_dma.o
 .ARM.attributes
                0x0000027f       0x34 ./Drivers/STM32F4xx_HAL_Driver/Src/stm32f4xx_hal_gpio.o
 .ARM.attributes
                0x000002b3       0x34 ./Drivers/STM32F4xx_HAL_Driver/Src/stm32f4xx_hal_i2c.o
 .ARM.attributes
                0x000002e7       0x34 ./Drivers/STM32F4xx_HAL_Driver/Src/stm32f4xx_hal_i2s.o
 .ARM.attributes
                0x0000031b       0x34 ./Drivers/STM32F4xx_HAL_Driver/Src/stm32f4xx_hal_i2s_ex.o
 .ARM.attributes
                0x0000034f       0x34 ./Drivers/STM32F4xx_HAL_Driver/Src/stm32f4xx_hal_rcc.o
 .ARM.attributes
                0x00000383       0x34 ./Drivers/STM32F4xx_HAL_Driver/Src/stm32f4xx_hal_rcc_ex.o
 .ARM.attributes
                0x000003b7       0x34 ./Drivers/STM32F4xx_HAL_Driver/Src/stm32f4xx_hal_uart.o
 .ARM.attributes
                0x000003eb       0x34 ./Driverss/Src/stm32f4_discovery_audio.o
 .ARM.attributes
                0x0000041f       0x34 ./PDM2PCM/App/pdm2pcm.o
 .ARM.attributes
                0x00000453       0x56 C:\Users\Kit-covid-0739\STM32Cube\Repository\STM32Cube_FW_F4_V1.28.2\Middlewares\ST\STM32_Audio\Addons\PDM\Lib\libPDMFilter_CM4_IAR_wc32.a(pdm_filter.o)
 .ARM.attributes
                0x000004a9       0x34 C:/ST/STM32CubeIDE_1.17.0/STM32CubeIDE/plugins/com.st.stm32cube.ide.mcu.externaltools.gnu-tools-for-stm32.13.3.rel1.win32_1.0.0.202411081344/tools/bin/../lib/gcc/arm-none-eabi/13.3.1/../../../../arm-none-eabi/lib/thumb/v7e-m+fp/hard\libc_nano.a(libc_a-findfp.o)
 .ARM.attributes
                0x000004dd       0x34 C:/ST/STM32CubeIDE_1.17.0/STM32CubeIDE/plugins/com.st.stm32cube.ide.mcu.externaltools.gnu-tools-for-stm32.13.3.rel1.win32_1.0.0.202411081344/tools/bin/../lib/gcc/arm-none-eabi/13.3.1/../../../../arm-none-eabi/lib/thumb/v7e-m+fp/hard\libc_nano.a(libc_a-snprintf.o)
 .ARM.attributes
                0x00000511       0x34 C:/ST/STM32CubeIDE_1.17.0/STM32CubeIDE/plugins/com.st.stm32cube.ide.mcu.externaltools.gnu-tools-for-stm32.13.3.rel1.win32_1.0.0.202411081344/tools/bin/../lib/gcc/arm-none-eabi/13.3.1/../../../../arm-none-eabi/lib/thumb/v7e-m+fp/hard\libc_nano.a(libc_a-memset.o)
 .ARM.attributes
                0x00000545       0x34 C:/ST/STM32CubeIDE_1.17.0/STM32CubeIDE/plugins/com.st.stm32cube.ide.mcu.externaltools.gnu-tools-for-stm32.13.3.rel1.win32_1.0.0.202411081344/tools/bin/../lib/gcc/arm-none-eabi/13.3.1/../../../../arm-none-eabi/lib/thumb/v7e-m+fp/hard\libc_nano.a(libc_a-reent.o)
 .ARM.attributes
                0x00000579       0x34 C:/ST/STM32CubeIDE_1.17.0/STM32CubeIDE/plugins/com.st.stm32cube.ide.mcu.externaltools.gnu-tools-for-stm32.13.3.rel1.win32_1.0.0.202411081344/tools/bin/../lib/gcc/arm-none-eabi/13.3.1/../../../../arm-none-eabi/lib/thumb/v7e-m+fp/hard\libc_nano.a(libc_a-impure.o)
 .ARM.attributes
                0x000005ad       0x34 C:/ST/STM32CubeIDE_1.17.0/STM32CubeIDE/plugins/com.st.stm32cube.ide.mcu.externaltools.gnu-tools-for-stm32.13.3.rel1.win32_1.0.0.202411081344/tools/bin/../lib/gcc/arm-none-eabi/13.3.1/../../../../arm-none-eabi/lib/thumb/v7e-m+fp/hard\libc_nano.a(libc_a-errno.o)
 .ARM.attributes
                0x000005e1       0x34 C:/ST/STM32CubeIDE_1.17.0/STM32CubeIDE/plugins/com.st.stm32cube.ide.mcu.externaltools.gnu-tools-for-stm32.13.3.rel1.win32_1.0.0.202411081344/tools/bin/../lib/gcc/arm-none-eabi/13.3.1/../../../../arm-none-eabi/lib/thumb/v7e-m+fp/hard\libc_nano.a(libc_a-init.o)
 .ARM.attributes
                0x00000615       0x34 C:/ST/STM32CubeIDE_1.17.0/STM32CubeIDE/plugins/com.st.stm32cube.ide.mcu.externaltools.gnu-tools-for-stm32.13.3.rel1.win32_1.0.0.202411081344/tools/bin/../lib/gcc/arm-none-eabi/13.3.1/../../../../arm-none-eabi/lib/thumb/v7e-m+fp/hard\libc_nano.a(libc_a-lock.o)
 .ARM.attributes
                0x00000649       0x34 C:/ST/STM32CubeIDE_1.17.0/STM32CubeIDE/plugins/com.st.stm32cube.ide.mcu.externaltools.gnu-tools-for-stm32.13.3.rel1.win32_1.0.0.202411081344/tools/bin/../lib/gcc/arm-none-eabi/13.3.1/../../../../arm-none-eabi/lib/thumb/v7e-m+fp/hard\libc_nano.a(libc_a-aeabi_memclr.o)
 .ARM.attributes
                0x0000067d       0x17 C:/ST/STM32CubeIDE_1.17.0/STM32CubeIDE/plugins/com.st.stm32cube.ide.mcu.externaltools.gnu-tools-for-stm32.13.3.rel1.win32_1.0.0.202411081344/tools/bin/../lib/gcc/arm-none-eabi/13.3.1/../../../../arm-none-eabi/lib/thumb/v7e-m+fp/hard\libc_nano.a(libc_a-strlen.o)
 .ARM.attributes
                0x00000694       0x34 C:/ST/STM32CubeIDE_1.17.0/STM32CubeIDE/plugins/com.st.stm32cube.ide.mcu.externaltools.gnu-tools-for-stm32.13.3.rel1.win32_1.0.0.202411081344/tools/bin/../lib/gcc/arm-none-eabi/13.3.1/../../../../arm-none-eabi/lib/thumb/v7e-m+fp/hard\libc_nano.a(libc_a-freer.o)
 .ARM.attributes
                0x000006c8       0x34 C:/ST/STM32CubeIDE_1.17.0/STM32CubeIDE/plugins/com.st.stm32cube.ide.mcu.externaltools.gnu-tools-for-stm32.13.3.rel1.win32_1.0.0.202411081344/tools/bin/../lib/gcc/arm-none-eabi/13.3.1/../../../../arm-none-eabi/lib/thumb/v7e-m+fp/hard\libc_nano.a(libc_a-mallocr.o)
 .ARM.attributes
                0x000006fc       0x34 C:/ST/STM32CubeIDE_1.17.0/STM32CubeIDE/plugins/com.st.stm32cube.ide.mcu.externaltools.gnu-tools-for-stm32.13.3.rel1.win32_1.0.0.202411081344/tools/bin/../lib/gcc/arm-none-eabi/13.3.1/../../../../arm-none-eabi/lib/thumb/v7e-m+fp/hard\libc_nano.a(libc_a-mlock.o)
 .ARM.attributes
                0x00000730       0x34 C:/ST/STM32CubeIDE_1.17.0/STM32CubeIDE/plugins/com.st.stm32cube.ide.mcu.externaltools.gnu-tools-for-stm32.13.3.rel1.win32_1.0.0.202411081344/tools/bin/../lib/gcc/arm-none-eabi/13.3.1/../../../../arm-none-eabi/lib/thumb/v7e-m+fp/hard\libc_nano.a(libc_a-nano-svfprintf.o)
 .ARM.attributes
                0x00000764       0x34 C:/ST/STM32CubeIDE_1.17.0/STM32CubeIDE/plugins/com.st.stm32cube.ide.mcu.externaltools.gnu-tools-for-stm32.13.3.rel1.win32_1.0.0.202411081344/tools/bin/../lib/gcc/arm-none-eabi/13.3.1/../../../../arm-none-eabi/lib/thumb/v7e-m+fp/hard\libc_nano.a(libc_a-nano-vfprintf_i.o)
 .ARM.attributes
                0x00000798       0x34 C:/ST/STM32CubeIDE_1.17.0/STM32CubeIDE/plugins/com.st.stm32cube.ide.mcu.externaltools.gnu-tools-for-stm32.13.3.rel1.win32_1.0.0.202411081344/tools/bin/../lib/gcc/arm-none-eabi/13.3.1/../../../../arm-none-eabi/lib/thumb/v7e-m+fp/hard\libc_nano.a(libc_a-memmove.o)
 .ARM.attributes
                0x000007cc       0x34 C:/ST/STM32CubeIDE_1.17.0/STM32CubeIDE/plugins/com.st.stm32cube.ide.mcu.externaltools.gnu-tools-for-stm32.13.3.rel1.win32_1.0.0.202411081344/tools/bin/../lib/gcc/arm-none-eabi/13.3.1/../../../../arm-none-eabi/lib/thumb/v7e-m+fp/hard\libc_nano.a(libc_a-sbrkr.o)
 .ARM.attributes
                0x00000800       0x20 C:/ST/STM32CubeIDE_1.17.0/STM32CubeIDE/plugins/com.st.stm32cube.ide.mcu.externaltools.gnu-tools-for-stm32.13.3.rel1.win32_1.0.0.202411081344/tools/bin/../lib/gcc/arm-none-eabi/13.3.1/../../../../arm-none-eabi/lib/thumb/v7e-m+fp/hard\libc_nano.a(libc_a-aeabi_memset-soft.o)
 .ARM.attributes
                0x00000820       0x1c C:/ST/STM32CubeIDE_1.17.0/STM32CubeIDE/plugins/com.st.stm32cube.ide.mcu.externaltools.gnu-tools-for-stm32.13.3.rel1.win32_1.0.0.202411081344/tools/bin/../lib/gcc/arm-none-eabi/13.3.1/../../../../arm-none-eabi/lib/thumb/v7e-m+fp/hard\libc_nano.a(libc_a-memchr.o)
 .ARM.attributes
                0x0000083c       0x34 C:/ST/STM32CubeIDE_1.17.0/STM32CubeIDE/plugins/com.st.stm32cube.ide.mcu.externaltools.gnu-tools-for-stm32.13.3.rel1.win32_1.0.0.202411081344/tools/bin/../lib/gcc/arm-none-eabi/13.3.1/../../../../arm-none-eabi/lib/thumb/v7e-m+fp/hard\libc_nano.a(libc_a-memcpy-stub.o)
 .ARM.attributes
                0x00000870       0x34 C:/ST/STM32CubeIDE_1.17.0/STM32CubeIDE/plugins/com.st.stm32cube.ide.mcu.externaltools.gnu-tools-for-stm32.13.3.rel1.win32_1.0.0.202411081344/tools/bin/../lib/gcc/arm-none-eabi/13.3.1/../../../../arm-none-eabi/lib/thumb/v7e-m+fp/hard\libc_nano.a(libc_a-reallocr.o)
 .ARM.attributes
                0x000008a4       0x34 C:/ST/STM32CubeIDE_1.17.0/STM32CubeIDE/plugins/com.st.stm32cube.ide.mcu.externaltools.gnu-tools-for-stm32.13.3.rel1.win32_1.0.0.202411081344/tools/bin/../lib/gcc/arm-none-eabi/13.3.1/../../../../arm-none-eabi/lib/thumb/v7e-m+fp/hard\libc_nano.a(libc_a-msizer.o)
 .ARM.attributes
                0x000008d8       0x34 C:/ST/STM32CubeIDE_1.17.0/STM32CubeIDE/plugins/com.st.stm32cube.ide.mcu.externaltools.gnu-tools-for-stm32.13.3.rel1.win32_1.0.0.202411081344/tools/bin/../lib/gcc/arm-none-eabi/13.3.1/../../../../arm-none-eabi/lib/thumb/v7e-m+fp/hard\libm.a(libm_a-wf_pow.o)
 .ARM.attributes
                0x0000090c       0x34 C:/ST/STM32CubeIDE_1.17.0/STM32CubeIDE/plugins/com.st.stm32cube.ide.mcu.externaltools.gnu-tools-for-stm32.13.3.rel1.win32_1.0.0.202411081344/tools/bin/../lib/gcc/arm-none-eabi/13.3.1/../../../../arm-none-eabi/lib/thumb/v7e-m+fp/hard\libm.a(libm_a-sf_finite.o)
 .ARM.attributes
                0x00000940       0x34 C:/ST/STM32CubeIDE_1.17.0/STM32CubeIDE/plugins/com.st.stm32cube.ide.mcu.externaltools.gnu-tools-for-stm32.13.3.rel1.win32_1.0.0.202411081344/tools/bin/../lib/gcc/arm-none-eabi/13.3.1/../../../../arm-none-eabi/lib/thumb/v7e-m+fp/hard\libm.a(libm_a-sf_round.o)
 .ARM.attributes
                0x00000974       0x34 C:/ST/STM32CubeIDE_1.17.0/STM32CubeIDE/plugins/com.st.stm32cube.ide.mcu.externaltools.gnu-tools-for-stm32.13.3.rel1.win32_1.0.0.202411081344/tools/bin/../lib/gcc/arm-none-eabi/13.3.1/../../../../arm-none-eabi/lib/thumb/v7e-m+fp/hard\libm.a(libm_a-ef_pow.o)
 .ARM.attributes
                0x000009a8       0x34 C:/ST/STM32CubeIDE_1.17.0/STM32CubeIDE/plugins/com.st.stm32cube.ide.mcu.externaltools.gnu-tools-for-stm32.13.3.rel1.win32_1.0.0.202411081344/tools/bin/../lib/gcc/arm-none-eabi/13.3.1/../../../../arm-none-eabi/lib/thumb/v7e-m+fp/hard\libm.a(libm_a-sf_fabs.o)
 .ARM.attributes
                0x000009dc       0x34 C:/ST/STM32CubeIDE_1.17.0/STM32CubeIDE/plugins/com.st.stm32cube.ide.mcu.externaltools.gnu-tools-for-stm32.13.3.rel1.win32_1.0.0.202411081344/tools/bin/../lib/gcc/arm-none-eabi/13.3.1/../../../../arm-none-eabi/lib/thumb/v7e-m+fp/hard\libm.a(libm_a-sf_scalbn.o)
 .ARM.attributes
                0x00000a10       0x34 C:/ST/STM32CubeIDE_1.17.0/STM32CubeIDE/plugins/com.st.stm32cube.ide.mcu.externaltools.gnu-tools-for-stm32.13.3.rel1.win32_1.0.0.202411081344/tools/bin/../lib/gcc/arm-none-eabi/13.3.1/../../../../arm-none-eabi/lib/thumb/v7e-m+fp/hard\libm.a(libm_a-math_errf.o)
 .ARM.attributes
                0x00000a44       0x34 C:/ST/STM32CubeIDE_1.17.0/STM32CubeIDE/plugins/com.st.stm32cube.ide.mcu.externaltools.gnu-tools-for-stm32.13.3.rel1.win32_1.0.0.202411081344/tools/bin/../lib/gcc/arm-none-eabi/13.3.1/../../../../arm-none-eabi/lib/thumb/v7e-m+fp/hard\libm.a(libm_a-ef_sqrt.o)
 .ARM.attributes
                0x00000a78       0x22 C:/ST/STM32CubeIDE_1.17.0/STM32CubeIDE/plugins/com.st.stm32cube.ide.mcu.externaltools.gnu-tools-for-stm32.13.3.rel1.win32_1.0.0.202411081344/tools/bin/../lib/gcc/arm-none-eabi/13.3.1/thumb/v7e-m+fp/hard\libgcc.a(_aeabi_uldivmod.o)
 .ARM.attributes
                0x00000a9a       0x34 C:/ST/STM32CubeIDE_1.17.0/STM32CubeIDE/plugins/com.st.stm32cube.ide.mcu.externaltools.gnu-tools-for-stm32.13.3.rel1.win32_1.0.0.202411081344/tools/bin/../lib/gcc/arm-none-eabi/13.3.1/thumb/v7e-m+fp/hard\libgcc.a(_udivmoddi4.o)
 .ARM.attributes
                0x00000ace       0x22 C:/ST/STM32CubeIDE_1.17.0/STM32CubeIDE/plugins/com.st.stm32cube.ide.mcu.externaltools.gnu-tools-for-stm32.13.3.rel1.win32_1.0.0.202411081344/tools/bin/../lib/gcc/arm-none-eabi/13.3.1/thumb/v7e-m+fp/hard\libgcc.a(_dvmd_tls.o)
 .ARM.attributes
                0x00000af0       0x22 C:/ST/STM32CubeIDE_1.17.0/STM32CubeIDE/plugins/com.st.stm32cube.ide.mcu.externaltools.gnu-tools-for-stm32.13.3.rel1.win32_1.0.0.202411081344/tools/bin/../lib/gcc/arm-none-eabi/13.3.1/thumb/v7e-m+fp/hard/crtn.o
OUTPUT(STM32F407VGx.elf elf32-littlearm)
LOAD linker stubs
LOAD C:/ST/STM32CubeIDE_1.17.0/STM32CubeIDE/plugins/com.st.stm32cube.ide.mcu.externaltools.gnu-tools-for-stm32.13.3.rel1.win32_1.0.0.202411081344/tools/bin/../lib/gcc/arm-none-eabi/13.3.1/../../../../arm-none-eabi/lib/thumb/v7e-m+fp/hard\libc.a
LOAD C:/ST/STM32CubeIDE_1.17.0/STM32CubeIDE/plugins/com.st.stm32cube.ide.mcu.externaltools.gnu-tools-for-stm32.13.3.rel1.win32_1.0.0.202411081344/tools/bin/../lib/gcc/arm-none-eabi/13.3.1/../../../../arm-none-eabi/lib/thumb/v7e-m+fp/hard\libm.a
LOAD C:/ST/STM32CubeIDE_1.17.0/STM32CubeIDE/plugins/com.st.stm32cube.ide.mcu.externaltools.gnu-tools-for-stm32.13.3.rel1.win32_1.0.0.202411081344/tools/bin/../lib/gcc/arm-none-eabi/13.3.1/thumb/v7e-m+fp/hard\libgcc.a

.debug_info     0x00000000     0xfded
 .debug_info    0x00000000      0x5c7 ./Core/Src/cs43l22.o
 .debug_info    0x000005c7     0x1a87 ./Core/Src/main.o
 .debug_info    0x0000204e     0x1106 ./Core/Src/stm32f4xx_hal_msp.o
 .debug_info    0x00003154      0x3db ./Core/Src/stm32f4xx_it.o
 .debug_info    0x0000352f      0x168 ./Core/Src/sysmem.o
 .debug_info    0x00003697      0x512 ./Core/Src/system_stm32f4xx.o
 .debug_info    0x00003ba9       0x30 ./Core/Startup/startup_stm32f407vgtx.o
 .debug_info    0x00003bd9      0x944 ./Drivers/STM32F4xx_HAL_Driver/Src/stm32f4xx_hal.o
 .debug_info    0x0000451d      0xd8c ./Drivers/STM32F4xx_HAL_Driver/Src/stm32f4xx_hal_cortex.o
 .debug_info    0x000052a9      0x37f ./Drivers/STM32F4xx_HAL_Driver/Src/stm32f4xx_hal_crc.o
 .debug_info    0x00005628      0x8e7 ./Drivers/STM32F4xx_HAL_Driver/Src/stm32f4xx_hal_dma.o
 .debug_info    0x00005f0f      0x6c3 ./Drivers/STM32F4xx_HAL_Driver/Src/stm32f4xx_hal_gpio.o
 .debug_info    0x000065d2     0x2415 ./Drivers/STM32F4xx_HAL_Driver/Src/stm32f4xx_hal_i2c.o
 .debug_info    0x000089e7      0xe02 ./Drivers/STM32F4xx_HAL_Driver/Src/stm32f4xx_hal_i2s.o
 .debug_info    0x000097e9      0xaae ./Drivers/STM32F4xx_HAL_Driver/Src/stm32f4xx_hal_i2s_ex.o
 .debug_info    0x0000a297      0x8c3 ./Drivers/STM32F4xx_HAL_Driver/Src/stm32f4xx_hal_rcc.o
 .debug_info    0x0000ab5a      0x536 ./Drivers/STM32F4xx_HAL_Driver/Src/stm32f4xx_hal_rcc_ex.o
 .debug_info    0x0000b090     0x2f4f ./Drivers/STM32F4xx_HAL_Driver/Src/stm32f4xx_hal_uart.o
 .debug_info    0x0000dfdf     0x1bb1 ./Driverss/Src/stm32f4_discovery_audio.o
 .debug_info    0x0000fb90      0x25d ./PDM2PCM/App/pdm2pcm.o

.debug_abbrev   0x00000000     0x29e6
 .debug_abbrev  0x00000000      0x203 ./Core/Src/cs43l22.o
 .debug_abbrev  0x00000203      0x342 ./Core/Src/main.o
 .debug_abbrev  0x00000545      0x261 ./Core/Src/stm32f4xx_hal_msp.o
 .debug_abbrev  0x000007a6      0x16b ./Core/Src/stm32f4xx_it.o
 .debug_abbrev  0x00000911       0xbc ./Core/Src/sysmem.o
 .debug_abbrev  0x000009cd      0x11a ./Core/Src/system_stm32f4xx.o
 .debug_abbrev  0x00000ae7       0x24 ./Core/Startup/startup_stm32f407vgtx.o
 .debug_abbrev  0x00000b0b      0x214 ./Drivers/STM32F4xx_HAL_Driver/Src/stm32f4xx_hal.o
 .debug_abbrev  0x00000d1f      0x31d ./Drivers/STM32F4xx_HAL_Driver/Src/stm32f4xx_hal_cortex.o
 .debug_abbrev  0x0000103c      0x1b1 ./Drivers/STM32F4xx_HAL_Driver/Src/stm32f4xx_hal_crc.o
 .debug_abbrev  0x000011ed      0x264 ./Drivers/STM32F4xx_HAL_Driver/Src/stm32f4xx_hal_dma.o
 .debug_abbrev  0x00001451      0x1d4 ./Drivers/STM32F4xx_HAL_Driver/Src/stm32f4xx_hal_gpio.o
 .debug_abbrev  0x00001625      0x2ad ./Drivers/STM32F4xx_HAL_Driver/Src/stm32f4xx_hal_i2c.o
 .debug_abbrev  0x000018d2      0x25d ./Drivers/STM32F4xx_HAL_Driver/Src/stm32f4xx_hal_i2s.o
 .debug_abbrev  0x00001b2f      0x276 ./Drivers/STM32F4xx_HAL_Driver/Src/stm32f4xx_hal_i2s_ex.o
 .debug_abbrev  0x00001da5      0x2b7 ./Drivers/STM32F4xx_HAL_Driver/Src/stm32f4xx_hal_rcc.o
 .debug_abbrev  0x0000205c      0x1b0 ./Drivers/STM32F4xx_HAL_Driver/Src/stm32f4xx_hal_rcc_ex.o
 .debug_abbrev  0x0000220c      0x30e ./Drivers/STM32F4xx_HAL_Driver/Src/stm32f4xx_hal_uart.o
 .debug_abbrev  0x0000251a      0x3a3 ./Driverss/Src/stm32f4_discovery_audio.o
 .debug_abbrev  0x000028bd      0x129 ./PDM2PCM/App/pdm2pcm.o

.debug_aranges  0x00000000      0xe58
 .debug_aranges
                0x00000000       0x80 ./Core/Src/cs43l22.o
 .debug_aranges
                0x00000080       0xb8 ./Core/Src/main.o
 .debug_aranges
                0x00000138       0x60 ./Core/Src/stm32f4xx_hal_msp.o
 .debug_aranges
                0x00000198       0x78 ./Core/Src/stm32f4xx_it.o
 .debug_aranges
                0x00000210       0x20 ./Core/Src/sysmem.o
 .debug_aranges
                0x00000230       0x28 ./Core/Src/system_stm32f4xx.o
 .debug_aranges
                0x00000258       0x28 ./Core/Startup/startup_stm32f407vgtx.o
 .debug_aranges
                0x00000280       0xf0 ./Drivers/STM32F4xx_HAL_Driver/Src/stm32f4xx_hal.o
 .debug_aranges
                0x00000370      0x130 ./Drivers/STM32F4xx_HAL_Driver/Src/stm32f4xx_hal_cortex.o
 .debug_aranges
                0x000004a0       0x50 ./Drivers/STM32F4xx_HAL_Driver/Src/stm32f4xx_hal_crc.o
 .debug_aranges
                0x000004f0       0x90 ./Drivers/STM32F4xx_HAL_Driver/Src/stm32f4xx_hal_dma.o
 .debug_aranges
                0x00000580       0x58 ./Drivers/STM32F4xx_HAL_Driver/Src/stm32f4xx_hal_gpio.o
 .debug_aranges
                0x000005d8      0x2a8 ./Drivers/STM32F4xx_HAL_Driver/Src/stm32f4xx_hal_i2c.o
 .debug_aranges
                0x00000880      0x108 ./Drivers/STM32F4xx_HAL_Driver/Src/stm32f4xx_hal_i2s.o
 .debug_aranges
                0x00000988       0x88 ./Drivers/STM32F4xx_HAL_Driver/Src/stm32f4xx_hal_i2s_ex.o
 .debug_aranges
                0x00000a10       0x88 ./Drivers/STM32F4xx_HAL_Driver/Src/stm32f4xx_hal_rcc.o
 .debug_aranges
                0x00000a98       0x48 ./Drivers/STM32F4xx_HAL_Driver/Src/stm32f4xx_hal_rcc_ex.o
 .debug_aranges
                0x00000ae0      0x208 ./Drivers/STM32F4xx_HAL_Driver/Src/stm32f4xx_hal_uart.o
 .debug_aranges
                0x00000ce8      0x148 ./Driverss/Src/stm32f4_discovery_audio.o
 .debug_aranges
                0x00000e30       0x28 ./PDM2PCM/App/pdm2pcm.o

.debug_rnglists
                0x00000000      0xb24
 .debug_rnglists
                0x00000000       0x5f ./Core/Src/cs43l22.o
 .debug_rnglists
                0x0000005f       0x94 ./Core/Src/main.o
 .debug_rnglists
                0x000000f3       0x47 ./Core/Src/stm32f4xx_hal_msp.o
 .debug_rnglists
                0x0000013a       0x55 ./Core/Src/stm32f4xx_it.o
 .debug_rnglists
                0x0000018f       0x13 ./Core/Src/sysmem.o
 .debug_rnglists
                0x000001a2       0x1a ./Core/Src/system_stm32f4xx.o
 .debug_rnglists
                0x000001bc       0x19 ./Core/Startup/startup_stm32f407vgtx.o
 .debug_rnglists
                0x000001d5       0xaf ./Drivers/STM32F4xx_HAL_Driver/Src/stm32f4xx_hal.o
 .debug_rnglists
                0x00000284       0xe0 ./Drivers/STM32F4xx_HAL_Driver/Src/stm32f4xx_hal_cortex.o
 .debug_rnglists
                0x00000364       0x37 ./Drivers/STM32F4xx_HAL_Driver/Src/stm32f4xx_hal_crc.o
 .debug_rnglists
                0x0000039b       0x70 ./Drivers/STM32F4xx_HAL_Driver/Src/stm32f4xx_hal_dma.o
 .debug_rnglists
                0x0000040b       0x3f ./Drivers/STM32F4xx_HAL_Driver/Src/stm32f4xx_hal_gpio.o
 .debug_rnglists
                0x0000044a      0x23c ./Drivers/STM32F4xx_HAL_Driver/Src/stm32f4xx_hal_i2c.o
 .debug_rnglists
                0x00000686       0xcc ./Drivers/STM32F4xx_HAL_Driver/Src/stm32f4xx_hal_i2s.o
 .debug_rnglists
                0x00000752       0x6a ./Drivers/STM32F4xx_HAL_Driver/Src/stm32f4xx_hal_i2s_ex.o
 .debug_rnglists
                0x000007bc       0x66 ./Drivers/STM32F4xx_HAL_Driver/Src/stm32f4xx_hal_rcc.o
 .debug_rnglists
                0x00000822       0x35 ./Drivers/STM32F4xx_HAL_Driver/Src/stm32f4xx_hal_rcc_ex.o
 .debug_rnglists
                0x00000857      0x1bc ./Drivers/STM32F4xx_HAL_Driver/Src/stm32f4xx_hal_uart.o
 .debug_rnglists
                0x00000a13       0xf8 ./Driverss/Src/stm32f4_discovery_audio.o
 .debug_rnglists
                0x00000b0b       0x19 ./PDM2PCM/App/pdm2pcm.o

.debug_macro    0x00000000    0x22251
 .debug_macro   0x00000000       0x87 ./Core/Src/cs43l22.o
 .debug_macro   0x00000087      0xad8 ./Core/Src/cs43l22.o
 .debug_macro   0x00000b5f       0x22 ./Core/Src/cs43l22.o
 .debug_macro   0x00000b81       0x8e ./Core/Src/cs43l22.o
 .debug_macro   0x00000c0f       0x51 ./Core/Src/cs43l22.o
 .debug_macro   0x00000c60      0x103 ./Core/Src/cs43l22.o
 .debug_macro   0x00000d63       0x6a ./Core/Src/cs43l22.o
 .debug_macro   0x00000dcd      0x1df ./Core/Src/cs43l22.o
 .debug_macro   0x00000fac       0x10 ./Core/Src/cs43l22.o
 .debug_macro   0x00000fbc      0x181 ./Core/Src/cs43l22.o
 .debug_macro   0x0000113d      0x38d ./Core/Src/main.o
 .debug_macro   0x000014ca      0x2a7 ./Core/Src/main.o
 .debug_macro   0x00001771       0x2e ./Core/Src/main.o
 .debug_macro   0x0000179f       0x2f ./Core/Src/main.o
 .debug_macro   0x000017ce       0x1c ./Core/Src/main.o
 .debug_macro   0x000017ea       0x22 ./Core/Src/main.o
 .debug_macro   0x0000180c       0xfb ./Core/Src/main.o
 .debug_macro   0x00001907     0x1011 ./Core/Src/main.o
 .debug_macro   0x00002918      0x11f ./Core/Src/main.o
 .debug_macro   0x00002a37    0x15ea5 ./Core/Src/main.o
 .debug_macro   0x000188dc       0x6d ./Core/Src/main.o
 .debug_macro   0x00018949     0x3693 ./Core/Src/main.o
 .debug_macro   0x0001bfdc      0x190 ./Core/Src/main.o
 .debug_macro   0x0001c16c       0x5c ./Core/Src/main.o
 .debug_macro   0x0001c1c8      0x980 ./Core/Src/main.o
 .debug_macro   0x0001cb48      0x9e9 ./Core/Src/main.o
 .debug_macro   0x0001d531      0x115 ./Core/Src/main.o
 .debug_macro   0x0001d646      0x13e ./Core/Src/main.o
 .debug_macro   0x0001d784       0xa5 ./Core/Src/main.o
 .debug_macro   0x0001d829      0x174 ./Core/Src/main.o
 .debug_macro   0x0001d99d      0x287 ./Core/Src/main.o
 .debug_macro   0x0001dc24       0x5f ./Core/Src/main.o
 .debug_macro   0x0001dc83      0x236 ./Core/Src/main.o
 .debug_macro   0x0001deb9       0x22 ./Core/Src/main.o
 .debug_macro   0x0001dedb      0x12c ./Core/Src/main.o
 .debug_macro   0x0001e007      0x21e ./Core/Src/main.o
 .debug_macro   0x0001e225       0x2e ./Core/Src/main.o
 .debug_macro   0x0001e253      0x1b5 ./Core/Src/main.o
 .debug_macro   0x0001e408       0xd6 ./Core/Src/main.o
 .debug_macro   0x0001e4de      0x1a7 ./Core/Src/main.o
 .debug_macro   0x0001e685       0x46 ./Core/Src/main.o
 .debug_macro   0x0001e6cb       0x4a ./Core/Src/main.o
 .debug_macro   0x0001e715      0x127 ./Core/Src/main.o
 .debug_macro   0x0001e83c       0x7e ./Core/Src/main.o
 .debug_macro   0x0001e8ba       0x89 ./Core/Src/main.o
 .debug_macro   0x0001e943      0x2aa ./Core/Src/main.o
 .debug_macro   0x0001ebed      0x12d ./Core/Src/main.o
 .debug_macro   0x0001ed1a       0x82 ./Core/Src/main.o
 .debug_macro   0x0001ed9c       0x61 ./Core/Src/main.o
 .debug_macro   0x0001edfd       0x2a ./Core/Src/main.o
 .debug_macro   0x0001ee27       0x43 ./Core/Src/main.o
 .debug_macro   0x0001ee6a       0x34 ./Core/Src/main.o
 .debug_macro   0x0001ee9e      0x370 ./Core/Src/main.o
 .debug_macro   0x0001f20e       0x16 ./Core/Src/main.o
 .debug_macro   0x0001f224       0x4a ./Core/Src/main.o
 .debug_macro   0x0001f26e       0x34 ./Core/Src/main.o
 .debug_macro   0x0001f2a2       0x10 ./Core/Src/main.o
 .debug_macro   0x0001f2b2       0x58 ./Core/Src/main.o
 .debug_macro   0x0001f30a       0x8e ./Core/Src/main.o
 .debug_macro   0x0001f398       0x1c ./Core/Src/main.o
 .debug_macro   0x0001f3b4      0x185 ./Core/Src/main.o
 .debug_macro   0x0001f539       0x10 ./Core/Src/main.o
 .debug_macro   0x0001f549       0x3c ./Core/Src/main.o
 .debug_macro   0x0001f585       0x20 ./Core/Src/main.o
 .debug_macro   0x0001f5a5       0x16 ./Core/Src/main.o
 .debug_macro   0x0001f5bb      0x1e5 ./Core/Src/main.o
 .debug_macro   0x0001f7a0      0x167 ./Core/Src/main.o
 .debug_macro   0x0001f907      0x19b ./Core/Src/main.o
 .debug_macro   0x0001faa2       0x1c ./Core/Src/main.o
 .debug_macro   0x0001fabe       0x10 ./Core/Src/main.o
 .debug_macro   0x0001face       0x1c ./Core/Src/main.o
 .debug_macro   0x0001faea       0x16 ./Core/Src/main.o
 .debug_macro   0x0001fb00      0x146 ./Core/Src/main.o
 .debug_macro   0x0001fc46      0x201 ./Core/Src/stm32f4xx_hal_msp.o
 .debug_macro   0x0001fe47      0x20b ./Core/Src/stm32f4xx_it.o
 .debug_macro   0x00020052      0x112 ./Core/Src/sysmem.o
 .debug_macro   0x00020164      0x23c ./Core/Src/sysmem.o
 .debug_macro   0x000203a0      0x1f7 ./Core/Src/system_stm32f4xx.o
 .debug_macro   0x00020597      0x257 ./Drivers/STM32F4xx_HAL_Driver/Src/stm32f4xx_hal.o
 .debug_macro   0x000207ee      0x1f7 ./Drivers/STM32F4xx_HAL_Driver/Src/stm32f4xx_hal_cortex.o
 .debug_macro   0x000209e5      0x1f7 ./Drivers/STM32F4xx_HAL_Driver/Src/stm32f4xx_hal_crc.o
 .debug_macro   0x00020bdc      0x1fd ./Drivers/STM32F4xx_HAL_Driver/Src/stm32f4xx_hal_dma.o
 .debug_macro   0x00020dd9      0x1fd ./Drivers/STM32F4xx_HAL_Driver/Src/stm32f4xx_hal_gpio.o
 .debug_macro   0x00020fd6      0x245 ./Drivers/STM32F4xx_HAL_Driver/Src/stm32f4xx_hal_i2c.o
 .debug_macro   0x0002121b      0x1ff ./Drivers/STM32F4xx_HAL_Driver/Src/stm32f4xx_hal_i2s.o
 .debug_macro   0x0002141a      0x1f7 ./Drivers/STM32F4xx_HAL_Driver/Src/stm32f4xx_hal_i2s_ex.o
 .debug_macro   0x00021611      0x21b ./Drivers/STM32F4xx_HAL_Driver/Src/stm32f4xx_hal_rcc.o
 .debug_macro   0x0002182c      0x1f7 ./Drivers/STM32F4xx_HAL_Driver/Src/stm32f4xx_hal_rcc_ex.o
 .debug_macro   0x00021a23      0x1f8 ./Drivers/STM32F4xx_HAL_Driver/Src/stm32f4xx_hal_uart.o
 .debug_macro   0x00021c1b      0x243 ./Driverss/Src/stm32f4_discovery_audio.o
 .debug_macro   0x00021e5e      0x1df ./Driverss/Src/stm32f4_discovery_audio.o
 .debug_macro   0x0002203d      0x214 ./PDM2PCM/App/pdm2pcm.o

.debug_line     0x00000000    0x12c02
 .debug_line    0x00000000      0x8e8 ./Core/Src/cs43l22.o
 .debug_line    0x000008e8      0xe58 ./Core/Src/main.o
 .debug_line    0x00001740      0x99f ./Core/Src/stm32f4xx_hal_msp.o
 .debug_line    0x000020df      0x885 ./Core/Src/stm32f4xx_it.o
 .debug_line    0x00002964      0x588 ./Core/Src/sysmem.o
 .debug_line    0x00002eec      0x804 ./Core/Src/system_stm32f4xx.o
 .debug_line    0x000036f0       0x7a ./Core/Startup/startup_stm32f407vgtx.o
 .debug_line    0x0000376a      0xa80 ./Drivers/STM32F4xx_HAL_Driver/Src/stm32f4xx_hal.o
 .debug_line    0x000041ea      0xd50 ./Drivers/STM32F4xx_HAL_Driver/Src/stm32f4xx_hal_cortex.o
 .debug_line    0x00004f3a      0x8b5 ./Drivers/STM32F4xx_HAL_Driver/Src/stm32f4xx_hal_crc.o
 .debug_line    0x000057ef      0xfec ./Drivers/STM32F4xx_HAL_Driver/Src/stm32f4xx_hal_dma.o
 .debug_line    0x000067db      0xbd8 ./Drivers/STM32F4xx_HAL_Driver/Src/stm32f4xx_hal_gpio.o
 .debug_line    0x000073b3     0x3b2d ./Drivers/STM32F4xx_HAL_Driver/Src/stm32f4xx_hal_i2c.o
 .debug_line    0x0000aee0     0x13d8 ./Drivers/STM32F4xx_HAL_Driver/Src/stm32f4xx_hal_i2s.o
 .debug_line    0x0000c2b8     0x12d8 ./Drivers/STM32F4xx_HAL_Driver/Src/stm32f4xx_hal_i2s_ex.o
 .debug_line    0x0000d590      0xe8f ./Drivers/STM32F4xx_HAL_Driver/Src/stm32f4xx_hal_rcc.o
 .debug_line    0x0000e41f      0xaef ./Drivers/STM32F4xx_HAL_Driver/Src/stm32f4xx_hal_rcc_ex.o
 .debug_line    0x0000ef0e     0x25c8 ./Drivers/STM32F4xx_HAL_Driver/Src/stm32f4xx_hal_uart.o
 .debug_line    0x000114d6      0xee8 ./Driverss/Src/stm32f4_discovery_audio.o
 .debug_line    0x000123be      0x844 ./PDM2PCM/App/pdm2pcm.o

.debug_str      0x00000000    0xca5e8
 .debug_str     0x00000000    0xca5e8 ./Core/Src/cs43l22.o
                               0x47bd (size before relaxing)
 .debug_str     0x000ca5e8    0xc75c6 ./Core/Src/main.o
 .debug_str     0x000ca5e8    0xc0a7f ./Core/Src/stm32f4xx_hal_msp.o
 .debug_str     0x000ca5e8    0xc022a ./Core/Src/stm32f4xx_it.o
 .debug_str     0x000ca5e8     0x7796 ./Core/Src/sysmem.o
 .debug_str     0x000ca5e8    0xc0070 ./Core/Src/system_stm32f4xx.o