../Core/Src/main.c:108:7:Format_PCM_For_Plotter	24	static
../Core/Src/main.c:118:7:Transmit_PCM_Plotter_DMA	16	static
../Core/Src/main.c:136:5:main	16	static
../Core/Src/main.c:285:6:SystemClock_Config	88	static
../Core/Src/main.c:330:6:PeriphCommonClock_Config	24	static
../Core/Src/main.c:350:13:MX_CRC_Init	8	static
../Core/Src/main.c:377:13:MX_I2C1_Init	8	static
../Core/Src/main.c:411:13:MX_I2S2_Init	8	static
../Core/Src/main.c:445:13:MX_I2S3_Init	8	static
../Core/Src/main.c:479:13:MX_USART2_UART_Init	8	static
../Core/Src/main.c:510:13:MX_DMA_Init	16	static
../Core/Src/main.c:534:13:MX_GPIO_Init	48	static
../Core/Src/main.c:564:7:HAL_I2S_RxHalfCpltCallback	16	static
../Core/Src/main.c:570:7:HAL_I2S_RxCpltCallback	16	static
../Core/Src/main.c:578:7:HAL_I2S_ErrorCallback	16	static
../Core/Src/main.c:582:7:BSP_AUDIO_OUT_HalfTransfer_CallBack	4	static
../Core/Src/main.c:586:7:BSP_AUDIO_OUT_TransferComplete_CallBack	4	static
../Core/Src/main.c:590:7:BSP_AUDIO_OUT_Error_CallBack	8	static
../Core/Src/main.c:596:7:HAL_UART_TxCpltCallback	16	static
../Core/Src/main.c:613:6:Error_Handler	4	static,ignoring_inline_asm
